Archive member included because of file (symbol)

../../../../../prebuilt/driver/chip/mt2625/lib/libhal_protected_CM4_GCC.a(crypt_aes.o)
                              (--whole-archive)
../../../../../prebuilt/driver/chip/mt2625/lib/libhal_protected_CM4_GCC.a(crypt_des.o)
                              (--whole-archive)
../../../../../prebuilt/driver/chip/mt2625/lib/libhal_protected_CM4_GCC.a(crypt_md5.o)
                              (--whole-archive)
../../../../../prebuilt/driver/chip/mt2625/lib/libhal_protected_CM4_GCC.a(crypt_sha.o)
                              (--whole-archive)
../../../../../prebuilt/driver/chip/mt2625/lib/libhal_protected_CM4_GCC.a(hal_sec.o)
                              (--whole-archive)
../../../../../prebuilt/driver/chip/mt2625/lib/libhal_protected_CM4_GCC.a(version_code.o)
                              (--whole-archive)
../../../../../prebuilt/driver/chip/mt2625/lib/libhal_protected_CM4_GCC.a(hal_spm.o)
                              (--whole-archive)
../../../../../prebuilt/driver/chip/mt2625/lib/libhal_protected_CM4_GCC.a(hal_efuse.o)
                              (--whole-archive)
../../../../../prebuilt/driver/chip/mt2625/lib/libhal_protected_CM4_GCC.a(hal_dvfs_internal_vcore.o)
                              (--whole-archive)
../../../../../middleware/third_party/rock_fota/lib/libiotpatch_gmobi_316_armgcc484.a(iotpatch.o)
                              (--whole-archive)
../../../../../middleware/third_party/rock_fota/lib/libiotpatch_gmobi_316_armgcc484.a(iot_main.o)
                              (--whole-archive)
../../../../../middleware/third_party/rock_fota/lib/libiotpatch_gmobi_316_armgcc484.a(iot_adler32.o)
                              (--whole-archive)
../../../../../middleware/third_party/rock_fota/lib/libiotpatch_gmobi_316_armgcc484.a(LzmaDec.o)
                              (--whole-archive)
../../../../../middleware/third_party/rock_fota/lib/libiotpatch_gmobi_316_armgcc484.a(mempool.o)
                              (--whole-archive)
../../../../../middleware/third_party/rock_fota/lib/libiotpatch_gmobi_316_armgcc484.a(block_stream.o)
                              (--whole-archive)
../../../../../middleware/third_party/rock_fota/lib/libiotpatch_gmobi_316_armgcc484.a(lzma_stream.o)
                              (--whole-archive)
../../../../../middleware/third_party/rock_fota/lib/libiotpatch_gmobi_316_armgcc484.a(iot_alloc.o)
                              (--whole-archive)
e:/perforce/mtk/mt2625/sdk/develop/nbiot_sdk_ocpu/mcu_r05/tools/gcc/win/gcc-arm-none-eabi/bin/../lib/gcc/arm-none-eabi/4.8.3/armv7e-m/fpu\libgcc.a(_arm_addsubsf3.o)
                              e:/perforce/MTK/MT2625/SDK/Develop/NBIOT_SDK_OCPU/MCU_R05/out/mt2625_evb/nbiot_m2m_demo/obj/bootloader/project/mt2625_evb/apps/bootloader/src/bl_dbgprint.o (__aeabi_l2f)
e:/perforce/mtk/mt2625/sdk/develop/nbiot_sdk_ocpu/mcu_r05/tools/gcc/win/gcc-arm-none-eabi/bin/../lib/gcc/arm-none-eabi/4.8.3/armv7e-m/fpu\libgcc.a(_aeabi_uldivmod.o)
                              e:/perforce/MTK/MT2625/SDK/Develop/NBIOT_SDK_OCPU/MCU_R05/out/mt2625_evb/nbiot_m2m_demo/obj/bootloader/driver/chip/mt2625/src/hal_rtc.o (__aeabi_uldivmod)
e:/perforce/mtk/mt2625/sdk/develop/nbiot_sdk_ocpu/mcu_r05/tools/gcc/win/gcc-arm-none-eabi/bin/../lib/gcc/arm-none-eabi/4.8.3/armv7e-m/fpu\libgcc.a(bpabi.o)
                              e:/perforce/mtk/mt2625/sdk/develop/nbiot_sdk_ocpu/mcu_r05/tools/gcc/win/gcc-arm-none-eabi/bin/../lib/gcc/arm-none-eabi/4.8.3/armv7e-m/fpu\libgcc.a(_aeabi_uldivmod.o) (__gnu_uldivmod_helper)
e:/perforce/mtk/mt2625/sdk/develop/nbiot_sdk_ocpu/mcu_r05/tools/gcc/win/gcc-arm-none-eabi/bin/../lib/gcc/arm-none-eabi/4.8.3/armv7e-m/fpu\libgcc.a(_dvmd_tls.o)
                              e:/perforce/mtk/mt2625/sdk/develop/nbiot_sdk_ocpu/mcu_r05/tools/gcc/win/gcc-arm-none-eabi/bin/../lib/gcc/arm-none-eabi/4.8.3/armv7e-m/fpu\libgcc.a(_aeabi_uldivmod.o) (__aeabi_ldiv0)
e:/perforce/mtk/mt2625/sdk/develop/nbiot_sdk_ocpu/mcu_r05/tools/gcc/win/gcc-arm-none-eabi/bin/../lib/gcc/arm-none-eabi/4.8.3/armv7e-m/fpu\libgcc.a(_divdi3.o)
                              e:/perforce/mtk/mt2625/sdk/develop/nbiot_sdk_ocpu/mcu_r05/tools/gcc/win/gcc-arm-none-eabi/bin/../lib/gcc/arm-none-eabi/4.8.3/armv7e-m/fpu\libgcc.a(bpabi.o) (__divdi3)
e:/perforce/mtk/mt2625/sdk/develop/nbiot_sdk_ocpu/mcu_r05/tools/gcc/win/gcc-arm-none-eabi/bin/../lib/gcc/arm-none-eabi/4.8.3/armv7e-m/fpu\libgcc.a(_udivdi3.o)
                              e:/perforce/mtk/mt2625/sdk/develop/nbiot_sdk_ocpu/mcu_r05/tools/gcc/win/gcc-arm-none-eabi/bin/../lib/gcc/arm-none-eabi/4.8.3/armv7e-m/fpu\libgcc.a(bpabi.o) (__udivdi3)
e:/perforce/mtk/mt2625/sdk/develop/nbiot_sdk_ocpu/mcu_r05/tools/gcc/win/gcc-arm-none-eabi/bin/../lib/gcc/arm-none-eabi/4.8.3/../../../../arm-none-eabi/lib/armv7e-m/fpu\libg_s.a(lib_a-assert.o)
[...]
Memory Configuration

Name             Origin             Length             Attributes
ROM_BL           0x08002000         0x00010000         xr
RAM              0x00000000         0x00400000         xrw
VRAM             0x10000000         0x00400000         xrw
TCM              0x04000000         0x00010000         xrw
*default*        0x00000000         0xffffffff

Linker script and memory map

LOAD e:/perforce/mtk/mt2625/sdk/develop/nbiot_sdk_ocpu/mcu_r05/tools/gcc/win/gcc-arm-none-eabi/bin/../lib/gcc/arm-none-eabi/4.8.3/../../../../arm-none-eabi/lib/armv7e-m/fpu\libnosys.a
                0x00000000                _Min_Heap_Size = 0x0
                0x00000400                _Min_Stack_Size = 0x400
                0x04010000                _estack = (ORIGIN (TCM) + 0x10000)
                0x04010000                __StackTop = _estack
                0x08002000                . = ORIGIN (ROM_BL)

.isr_vector     0x04000000      0x200 load address 0x08002000
                0x04000000                . = ALIGN (0x4)
 *(.reset_handler)
 .reset_handler
                0x04000000       0x58 e:/perforce/MTK/MT2625/SDK/Develop/NBIOT_SDK_OCPU/MCU_R05/out/mt2625_evb/nbiot_m2m_demo/obj/bootloader/project/mt2625_evb/apps/bootloader/GCC/startup_bootloader.o
                0x04000000                Reset_Handler
                0x0400002a                JumpCmd
 *(.isr_vector)
 .isr_vector    0x04000058        0x8 e:/perforce/MTK/MT2625/SDK/Develop/NBIOT_SDK_OCPU/MCU_R05/out/mt2625_evb/nbiot_m2m_demo/obj/bootloader/project/mt2625_evb/apps/bootloader/GCC/startup_bootloader.o
 *(.rom_parameter)
 *fill*         0x04000060       0xa0 
 .rom_parameter
                0x04000100      0x100 e:/perforce/MTK/MT2625/SDK/Develop/NBIOT_SDK_OCPU/MCU_R05/out/mt2625_evb/nbiot_m2m_demo/obj/bootloader/project/mt2625_evb/apps/bootloader/src/bl_rom_parameter.o
                0x04000100                g_rom_parameter
                0x04000200                . = ALIGN (0x4)

.text           0x04000200     0xa6c4 load address 0x08002200
                0x04000200                . = ALIGN (0x4)
 *(.text)
 .text          0x04000200      0x21c e:/perforce/mtk/mt2625/sdk/develop/nbiot_sdk_ocpu/mcu_r05/tools/gcc/win/gcc-arm-none-eabi/bin/../lib/gcc/arm-none-eabi/4.8.3/armv7e-m/fpu\libgcc.a(_arm_addsubsf3.o)
                0x04000200                __aeabi_frsub
                0x04000208                __subsf3
                0x04000208                __aeabi_fsub
                0x0400020c                __aeabi_fadd
                0x0400020c                __addsf3
                0x0400036c                __aeabi_ui2f
                0x0400036c                __floatunsisf
                0x04000374                __aeabi_i2f
                0x04000374                __floatsisf
                0x04000390                __aeabi_ul2f
                0x04000390                __floatundisf
                0x040003a0                __aeabi_l2f
                0x040003a0                __floatdisf
 *(.text*)
 .text.hal_cache_is_cacheable
                0x0400041c       0x4c e:/perforce/MTK/MT2625/SDK/Develop/NBIOT_SDK_OCPU/MCU_R05/out/mt2625_evb/nbiot_m2m_demo/obj/bootloader/driver/chip/mt2625/src/hal_cache.o
                0x0400041c                hal_cache_is_cacheable
 .text.hal_nvic_register_isr_handler
                0x04000468       0x44 e:/perforce/MTK/MT2625/SDK/Develop/NBIOT_SDK_OCPU/MCU_R05/out/mt2625_evb/nbiot_m2m_demo/obj/bootloader/driver/chip/mt2625/src/hal_nvic.o
                0x04000468                hal_nvic_register_isr_handler
 .text.SF_DAL_IOCtrl
                0x040004ac       0x32 e:/perforce/MTK/MT2625/SDK/Develop/NBIOT_SDK_OCPU/MCU_R05/out/mt2625_evb/nbiot_m2m_demo/obj/bootloader/driver/chip/mt2625/src/hal_flash_mtd_dal.o
                0x040004ac                SF_DAL_IOCtrl
 *fill*         0x040004de        0x2 
 .text.SF_DAL_Init_MXIC
                0x040004e0       0xe0 e:/perforce/MTK/MT2625/SDK/Develop/NBIOT_SDK_OCPU/MCU_R05/out/mt2625_evb/nbiot_m2m_demo/obj/bootloader/driver/chip/mt2625/src/hal_flash_mtd_dal.o
                0x040004e0                SF_DAL_Init_MXIC
 .text.SF_DAL_Init_WINBOND
                0x040005c0       0x64 e:/perforce/MTK/MT2625/SDK/Develop/NBIOT_SDK_OCPU/MCU_R05/out/mt2625_evb/nbiot_m2m_demo/obj/bootloader/driver/chip/mt2625/src/hal_flash_mtd_dal.o
                0x040005c0                SF_DAL_Init_WINBOND
 .text.SF_DAL_Init_WINBOND_OTP
                0x04000624       0x5c e:/perforce/MTK/MT2625/SDK/Develop/NBIOT_SDK_OCPU/MCU_R05/out/mt2625_evb/nbiot_m2m_demo/obj/bootloader/driver/chip/mt2625/src/hal_flash_mtd_dal.o
                0x04000624                SF_DAL_Init_WINBOND_OTP
 .text.SF_DAL_Init_Common
                0x04000680      0x100 e:/perforce/MTK/MT2625/SDK/Develop/NBIOT_SDK_OCPU/MCU_R05/out/mt2625_evb/nbiot_m2m_demo/obj/bootloader/driver/chip/mt2625/src/hal_flash_mtd_dal.o
                0x04000680                SF_DAL_Init_Common
 .text.SF_DAL_Init_Vendor
                0x04000780       0x3a e:/perforce/MTK/MT2625/SDK/Develop/NBIOT_SDK_OCPU/MCU_R05/out/mt2625_evb/nbiot_m2m_demo/obj/bootloader/driver/chip/mt2625/src/hal_flash_mtd_dal.o
                0x04000780                SF_DAL_Init_Vendor
 .text.SF_DAL_Init_Driver
                0x040007ba       0x6e e:/perforce/MTK/MT2625/SDK/Develop/NBIOT_SDK_OCPU/MCU_R05/out/mt2625_evb/nbiot_m2m_demo/obj/bootloader/driver/chip/mt2625/src/hal_flash_mtd_dal.o
                0x040007ba                SF_DAL_Init_Driver
 .text.CMEM_CheckValidDeviceID
                0x04000828       0x3c e:/perforce/MTK/MT2625/SDK/Develop/NBIOT_SDK_OCPU/MCU_R05/out/mt2625_evb/nbiot_m2m_demo/obj/bootloader/driver/chip/mt2625/src/hal_flash_combo_init.o
                0x04000828                CMEM_CheckValidDeviceID
 .text.CMEM_Index
                0x04000864       0x60 e:/perforce/MTK/MT2625/SDK/Develop/NBIOT_SDK_OCPU/MCU_R05/out/mt2625_evb/nbiot_m2m_demo/obj/bootloader/driver/chip/mt2625/src/hal_flash_combo_init.o
                0x04000864                CMEM_Index
 .text.CMEM_GetIDEntry
                0x040008c4       0x10 e:/perforce/MTK/MT2625/SDK/Develop/NBIOT_SDK_OCPU/MCU_R05/out/mt2625_evb/nbiot_m2m_demo/obj/bootloader/driver/chip/mt2625/src/hal_flash_combo_init.o
                0x040008c4                CMEM_GetIDEntry
 .text.custom_get_NORFLASH_Size
                0x040008d4        0x6 e:/perforce/MTK/MT2625/SDK/Develop/NBIOT_SDK_OCPU/MCU_R05/out/mt2625_evb/nbiot_m2m_demo/obj/bootloader/driver/chip/mt2625/src/hal_flash_custom.o
                0x040008d4                custom_get_NORFLASH_Size
 .text.Custom_NOR_Init
                0x040008da        0x4 e:/perforce/MTK/MT2625/SDK/Develop/NBIOT_SDK_OCPU/MCU_R05/out/mt2625_evb/nbiot_m2m_demo/obj/bootloader/driver/chip/mt2625/src/hal_flash_custom.o
                0x040008da                Custom_NOR_Init
 .text.CMEM_BlockSize_Internal
                0x040008de       0x30 e:/perforce/MTK/MT2625/SDK/Develop/NBIOT_SDK_OCPU/MCU_R05/out/mt2625_evb/nbiot_m2m_demo/obj/bootloader/driver/chip/mt2625/src/hal_flash_combo_nor.o
                0x040008de                CMEM_BlockSize_Internal
 *fill*         0x0400090e        0x2 
 .text.CMEM_BlockSize
                0x04000910        0xc e:/perforce/MTK/MT2625/SDK/Develop/NBIOT_SDK_OCPU/MCU_R05/out/mt2625_evb/nbiot_m2m_demo/obj/bootloader/driver/chip/mt2625/src/hal_flash_combo_nor.o
                0x04000910                CMEM_BlockSize
 .text.NOR_Get_FlashSizeFromBankInfo
                0x0400091c       0x16 e:/perforce/MTK/MT2625/SDK/Develop/NBIOT_SDK_OCPU/MCU_R05/out/mt2625_evb/nbiot_m2m_demo/obj/bootloader/driver/chip/mt2625/src/hal_flash_combo_nor.o
                0x0400091c                NOR_Get_FlashSizeFromBankInfo
 .text.CMEM_NOR_Construct_RegionInfo_Internal
                0x04000932       0x62 e:/perforce/MTK/MT2625/SDK/Develop/NBIOT_SDK_OCPU/MCU_R05/out/mt2625_evb/nbiot_m2m_demo/obj/bootloader/driver/chip/mt2625/src/hal_flash_combo_nor.o
                0x04000932                CMEM_NOR_Construct_RegionInfo_Internal
 .text.NOR_Construct_RegionInfo
                0x04000994       0x28 e:/perforce/MTK/MT2625/SDK/Develop/NBIOT_SDK_OCPU/MCU_R05/out/mt2625_evb/nbiot_m2m_demo/obj/bootloader/driver/chip/mt2625/src/hal_flash_combo_nor.o
                0x04000994                NOR_Construct_RegionInfo
 .text.CMEM_Init_nor_list
                0x040009bc       0x34 e:/perforce/MTK/MT2625/SDK/Develop/NBIOT_SDK_OCPU/MCU_R05/out/mt2625_evb/nbiot_m2m_demo/obj/bootloader/driver/chip/mt2625/src/hal_flash_combo_nor.o
                0x040009bc                CMEM_Init_nor_list
 .text.CMEM_Init_FullDriver
                0x040009f0       0xcc e:/perforce/MTK/MT2625/SDK/Develop/NBIOT_SDK_OCPU/MCU_R05/out/mt2625_evb/nbiot_m2m_demo/obj/bootloader/driver/chip/mt2625/src/hal_flash_combo_nor.o
                0x040009f0                CMEM_Init_FullDriver
 .text.MountDevice
                0x04000abc       0x24 e:/perforce/MTK/MT2625/SDK/Develop/NBIOT_SDK_OCPU/MCU_R05/out/mt2625_evb/nbiot_m2m_demo/obj/bootloader/driver/chip/mt2625/src/hal_flash_disk.o
 .text.readRawDiskData
                0x04000ae0       0x34 e:/perforce/MTK/MT2625/SDK/Develop/NBIOT_SDK_OCPU/MCU_R05/out/mt2625_evb/nbiot_m2m_demo/obj/bootloader/driver/chip/mt2625/src/hal_flash_disk.o
                0x04000ae0                readRawDiskData
 .text.writeRawDiskData
                0x04000b14       0xfe e:/perforce/MTK/MT2625/SDK/Develop/NBIOT_SDK_OCPU/MCU_R05/out/mt2625_evb/nbiot_m2m_demo/obj/bootloader/driver/chip/mt2625/src/hal_flash_disk.o
                0x04000b14                writeRawDiskData
 .text.eraseRawDiskBlock
                0x04000c12       0x3a e:/perforce/MTK/MT2625/SDK/Develop/NBIOT_SDK_OCPU/MCU_R05/out/mt2625_evb/nbiot_m2m_demo/obj/bootloader/driver/chip/mt2625/src/hal_flash_disk.o
                0x04000c12                eraseRawDiskBlock
 .text.NOR_init
                0x04000c4c       0x28 e:/perforce/MTK/MT2625/SDK/Develop/NBIOT_SDK_OCPU/MCU_R05/out/mt2625_evb/nbiot_m2m_demo/obj/bootloader/driver/chip/mt2625/src/hal_flash_disk.o
                0x04000c4c                NOR_init
 .text.NOR_BlockSize
                0x04000c74       0x10 e:/perforce/MTK/MT2625/SDK/Develop/NBIOT_SDK_OCPU/MCU_R05/out/mt2625_evb/nbiot_m2m_demo/obj/bootloader/driver/chip/mt2625/src/hal_flash_disk.o
                0x04000c74                NOR_BlockSize
 .text.NOR_BlockIndex
                0x04000c84       0x10 e:/perforce/MTK/MT2625/SDK/Develop/NBIOT_SDK_OCPU/MCU_R05/out/mt2625_evb/nbiot_m2m_demo/obj/bootloader/driver/chip/mt2625/src/hal_flash_disk.o
                0x04000c84                NOR_BlockIndex
 .text.get_rawdisk_error_code
                0x04000c94       0x2c e:/perforce/MTK/MT2625/SDK/Develop/NBIOT_SDK_OCPU/MCU_R05/out/mt2625_evb/nbiot_m2m_demo/obj/bootloader/driver/chip/mt2625/src/hal_flash_disk.o
                0x04000c94                get_rawdisk_error_code
 .text.get_block_size_from_address
                0x04000cc0       0x30 e:/perforce/MTK/MT2625/SDK/Develop/NBIOT_SDK_OCPU/MCU_R05/out/mt2625_evb/nbiot_m2m_demo/obj/bootloader/driver/chip/mt2625/src/hal_flash_disk.o
                0x04000cc0                get_block_size_from_address
 .text.hal_flash_init
                0x04000cf0        0xa e:/perforce/MTK/MT2625/SDK/Develop/NBIOT_SDK_OCPU/MCU_R05/out/mt2625_evb/nbiot_m2m_demo/obj/bootloader/driver/chip/mt2625/src/hal_flash_disk.o
                0x04000cf0                hal_flash_init
 *fill*         0x04000cfa        0x2 
 .text.hal_flash_erase
                0x04000cfc       0x28 e:/perforce/MTK/MT2625/SDK/Develop/NBIOT_SDK_OCPU/MCU_R05/out/mt2625_evb/nbiot_m2m_demo/obj/bootloader/driver/chip/mt2625/src/hal_flash_disk.o
                0x04000cfc                hal_flash_erase
 .text.hal_flash_read
                0x04000d24       0x24 e:/perforce/MTK/MT2625/SDK/Develop/NBIOT_SDK_OCPU/MCU_R05/out/mt2625_evb/nbiot_m2m_demo/obj/bootloader/driver/chip/mt2625/src/hal_flash_disk.o
                0x04000d24                hal_flash_read
 .text.hal_flash_write
                0x04000d48       0x50 e:/perforce/MTK/MT2625/SDK/Develop/NBIOT_SDK_OCPU/MCU_R05/out/mt2625_evb/nbiot_m2m_demo/obj/bootloader/driver/chip/mt2625/src/hal_flash_disk.o
                0x04000d48                hal_flash_write
 .text.hal_uart_init
                0x04000d98       0xe4 e:/perforce/MTK/MT2625/SDK/Develop/NBIOT_SDK_OCPU/MCU_R05/out/mt2625_evb/nbiot_m2m_demo/obj/bootloader/driver/chip/mt2625/src/hal_uart.o
                0x04000d98                hal_uart_init
 .text.hal_uart_put_char
                0x04000e7c       0x20 e:/perforce/MTK/MT2625/SDK/Develop/NBIOT_SDK_OCPU/MCU_R05/out/mt2625_evb/nbiot_m2m_demo/obj/bootloader/driver/chip/mt2625/src/hal_uart.o
                0x04000e7c                hal_uart_put_char
 .text.uart_set_baudrate
                0x04000e9c       0xa8 e:/perforce/MTK/MT2625/SDK/Develop/NBIOT_SDK_OCPU/MCU_R05/out/mt2625_evb/nbiot_m2m_demo/obj/bootloader/driver/chip/mt2625/src/hal_uart_internal.o
                0x04000e9c                uart_set_baudrate
 .text.uart_set_format
                0x04000f44       0x34 e:/perforce/MTK/MT2625/SDK/Develop/NBIOT_SDK_OCPU/MCU_R05/out/mt2625_evb/nbiot_m2m_demo/obj/bootloader/driver/chip/mt2625/src/hal_uart_internal.o
                0x04000f44                uart_set_format
 .text.uart_put_char_block
                0x04000f78        0xa e:/perforce/MTK/MT2625/SDK/Develop/NBIOT_SDK_OCPU/MCU_R05/out/mt2625_evb/nbiot_m2m_demo/obj/bootloader/driver/chip/mt2625/src/hal_uart_internal.o
                0x04000f78                uart_put_char_block
 *fill*         0x04000f82        0x2 
 .text.uart_set_fifo
                0x04000f84        0xc e:/perforce/MTK/MT2625/SDK/Develop/NBIOT_SDK_OCPU/MCU_R05/out/mt2625_evb/nbiot_m2m_demo/obj/bootloader/driver/chip/mt2625/src/hal_uart_internal.o
                0x04000f84                uart_set_fifo
 .text.uart_reset_default_value
                0x04000f90       0x2c e:/perforce/MTK/MT2625/SDK/Develop/NBIOT_SDK_OCPU/MCU_R05/out/mt2625_evb/nbiot_m2m_demo/obj/bootloader/driver/chip/mt2625/src/hal_uart_internal.o
                0x04000f90                uart_reset_default_value
 .text.rtc_wait_busy
                0x04000fbc       0x1c e:/perforce/MTK/MT2625/SDK/Develop/NBIOT_SDK_OCPU/MCU_R05/out/mt2625_evb/nbiot_m2m_demo/obj/bootloader/driver/chip/mt2625/src/hal_rtc.o
 .text.rtc_write_osc32con0
                0x04000fd8       0x50 e:/perforce/MTK/MT2625/SDK/Develop/NBIOT_SDK_OCPU/MCU_R05/out/mt2625_evb/nbiot_m2m_demo/obj/bootloader/driver/chip/mt2625/src/hal_rtc.o
 .text.rtc_write_osc32con1
                0x04001028       0x30 e:/perforce/MTK/MT2625/SDK/Develop/NBIOT_SDK_OCPU/MCU_R05/out/mt2625_evb/nbiot_m2m_demo/obj/bootloader/driver/chip/mt2625/src/hal_rtc.o
 .text.rtc_write_osc32con2
                0x04001058       0x50 e:/perforce/MTK/MT2625/SDK/Develop/NBIOT_SDK_OCPU/MCU_R05/out/mt2625_evb/nbiot_m2m_demo/obj/bootloader/driver/chip/mt2625/src/hal_rtc.o
 .text.rtc_write_sramcon
                0x040010a8       0x50 e:/perforce/MTK/MT2625/SDK/Develop/NBIOT_SDK_OCPU/MCU_R05/out/mt2625_evb/nbiot_m2m_demo/obj/bootloader/driver/chip/mt2625/src/hal_rtc.o
 .text.rtc_calendar_time_to_seconds
                0x040010f8       0x78 e:/perforce/MTK/MT2625/SDK/Develop/NBIOT_SDK_OCPU/MCU_R05/out/mt2625_evb/nbiot_m2m_demo/obj/bootloader/driver/chip/mt2625/src/hal_rtc.o
 .text.rtc_set_pmu_ao_latch
                0x04001170       0x28 e:/perforce/MTK/MT2625/SDK/Develop/NBIOT_SDK_OCPU/MCU_R05/out/mt2625_evb/nbiot_m2m_demo/obj/bootloader/driver/chip/mt2625/src/hal_rtc.o
 .text.rtc_write_trigger_wait
                0x04001198       0x14 e:/perforce/MTK/MT2625/SDK/Develop/NBIOT_SDK_OCPU/MCU_R05/out/mt2625_evb/nbiot_m2m_demo/obj/bootloader/driver/chip/mt2625/src/hal_rtc.o
 .text.rtc_unlock_PROT
                0x040011ac       0x24 e:/perforce/MTK/MT2625/SDK/Develop/NBIOT_SDK_OCPU/MCU_R05/out/mt2625_evb/nbiot_m2m_demo/obj/bootloader/driver/chip/mt2625/src/hal_rtc.o
 .text.rtc_reload
                0x040011d0       0x14 e:/perforce/MTK/MT2625/SDK/Develop/NBIOT_SDK_OCPU/MCU_R05/out/mt2625_evb/nbiot_m2m_demo/obj/bootloader/driver/chip/mt2625/src/hal_rtc.o
 .text.rtc_read_osc32con1
                0x040011e4       0x14 e:/perforce/MTK/MT2625/SDK/Develop/NBIOT_SDK_OCPU/MCU_R05/out/mt2625_evb/nbiot_m2m_demo/obj/bootloader/driver/chip/mt2625/src/hal_rtc.o
 .text.rtc_lpd_init
                0x040011f8       0x38 e:/perforce/MTK/MT2625/SDK/Develop/NBIOT_SDK_OCPU/MCU_R05/out/mt2625_evb/nbiot_m2m_demo/obj/bootloader/driver/chip/mt2625/src/hal_rtc.o
 .text.f32k_measure_clock
                0x04001230       0x7c e:/perforce/MTK/MT2625/SDK/Develop/NBIOT_SDK_OCPU/MCU_R05/out/mt2625_evb/nbiot_m2m_demo/obj/bootloader/driver/chip/mt2625/src/hal_rtc.o
                0x04001230                f32k_measure_clock
 .text.hal_rtc_get_time
                0x040012ac       0x50 e:/perforce/MTK/MT2625/SDK/Develop/NBIOT_SDK_OCPU/MCU_R05/out/mt2625_evb/nbiot_m2m_demo/obj/bootloader/driver/chip/mt2625/src/hal_rtc.o
                0x040012ac                hal_rtc_get_time
 .text.rtc_set_data
                0x040012fc       0x58 e:/perforce/MTK/MT2625/SDK/Develop/NBIOT_SDK_OCPU/MCU_R05/out/mt2625_evb/nbiot_m2m_demo/obj/bootloader/driver/chip/mt2625/src/hal_rtc.o
                0x040012fc                rtc_set_data
 .text.hal_rtc_set_data
                0x04001354       0x18 e:/perforce/MTK/MT2625/SDK/Develop/NBIOT_SDK_OCPU/MCU_R05/out/mt2625_evb/nbiot_m2m_demo/obj/bootloader/driver/chip/mt2625/src/hal_rtc.o
                0x04001354                hal_rtc_set_data
 .text.rtc_get_data
                0x0400136c       0x44 e:/perforce/MTK/MT2625/SDK/Develop/NBIOT_SDK_OCPU/MCU_R05/out/mt2625_evb/nbiot_m2m_demo/obj/bootloader/driver/chip/mt2625/src/hal_rtc.o
                0x0400136c                rtc_get_data
 .text.hal_rtc_get_data
                0x040013b0       0x18 e:/perforce/MTK/MT2625/SDK/Develop/NBIOT_SDK_OCPU/MCU_R05/out/mt2625_evb/nbiot_m2m_demo/obj/bootloader/driver/chip/mt2625/src/hal_rtc.o
                0x040013b0                hal_rtc_get_data
 .text.hal_rtc_retention_sram_config
                0x040013c8      0x220 e:/perforce/MTK/MT2625/SDK/Develop/NBIOT_SDK_OCPU/MCU_R05/out/mt2625_evb/nbiot_m2m_demo/obj/bootloader/driver/chip/mt2625/src/hal_rtc.o
                0x040013c8                hal_rtc_retention_sram_config
 .text.rtc_power_on_result
                0x040015e8       0x18 e:/perforce/MTK/MT2625/SDK/Develop/NBIOT_SDK_OCPU/MCU_R05/out/mt2625_evb/nbiot_m2m_demo/obj/bootloader/driver/chip/mt2625/src/hal_rtc.o
                0x040015e8                rtc_power_on_result
 .text.hal_rtc_exit_retention_mode
                0x04001600      0x1f4 e:/perforce/MTK/MT2625/SDK/Develop/NBIOT_SDK_OCPU/MCU_R05/out/mt2625_evb/nbiot_m2m_demo/obj/bootloader/driver/chip/mt2625/src/hal_rtc.o
                0x04001600                hal_rtc_exit_retention_mode
 .text.rtc_get_second_diff_from_two_time
                0x040017f4       0x14 e:/perforce/MTK/MT2625/SDK/Develop/NBIOT_SDK_OCPU/MCU_R05/out/mt2625_evb/nbiot_m2m_demo/obj/bootloader/driver/chip/mt2625/src/hal_rtc.o
                0x040017f4                rtc_get_second_diff_from_two_time
 .text.rtc_tick_calculation
                0x04001808       0x60 e:/perforce/MTK/MT2625/SDK/Develop/NBIOT_SDK_OCPU/MCU_R05/out/mt2625_evb/nbiot_m2m_demo/obj/bootloader/driver/chip/mt2625/src/hal_rtc.o
 .text.hal_rtc_init
                0x04001868      0x36c e:/perforce/MTK/MT2625/SDK/Develop/NBIOT_SDK_OCPU/MCU_R05/out/mt2625_evb/nbiot_m2m_demo/obj/bootloader/driver/chip/mt2625/src/hal_rtc.o
                0x04001868                hal_rtc_init
 .text.hal_wdt_isr
                0x04001bd4       0x1c e:/perforce/MTK/MT2625/SDK/Develop/NBIOT_SDK_OCPU/MCU_R05/out/mt2625_evb/nbiot_m2m_demo/obj/bootloader/driver/chip/mt2625/src/hal_wdt.o
 .text.hal_wdt_init
                0x04001bf0       0x60 e:/perforce/MTK/MT2625/SDK/Develop/NBIOT_SDK_OCPU/MCU_R05/out/mt2625_evb/nbiot_m2m_demo/obj/bootloader/driver/chip/mt2625/src/hal_wdt.o
                0x04001bf0                hal_wdt_init
 .text.hal_wdt_feed
                0x04001c50       0x44 e:/perforce/MTK/MT2625/SDK/Develop/NBIOT_SDK_OCPU/MCU_R05/out/mt2625_evb/nbiot_m2m_demo/obj/bootloader/driver/chip/mt2625/src/hal_wdt.o
                0x04001c50                hal_wdt_feed
 .text.hal_wdt_software_reset
                0x04001c94       0x10 e:/perforce/MTK/MT2625/SDK/Develop/NBIOT_SDK_OCPU/MCU_R05/out/mt2625_evb/nbiot_m2m_demo/obj/bootloader/driver/chip/mt2625/src/hal_wdt.o
                0x04001c94                hal_wdt_software_reset
 .text.hal_wdt_enable
                0x04001ca4       0x28 e:/perforce/MTK/MT2625/SDK/Develop/NBIOT_SDK_OCPU/MCU_R05/out/mt2625_evb/nbiot_m2m_demo/obj/bootloader/driver/chip/mt2625/src/hal_wdt.o
                0x04001ca4                hal_wdt_enable
 .text.wdt_set_length
                0x04001ccc       0x24 e:/perforce/MTK/MT2625/SDK/Develop/NBIOT_SDK_OCPU/MCU_R05/out/mt2625_evb/nbiot_m2m_demo/obj/bootloader/driver/chip/mt2625/src/hal_wdt_internal.o
                0x04001ccc                wdt_set_length
 .text.wdt_set_mode
                0x04001cf0       0x14 e:/perforce/MTK/MT2625/SDK/Develop/NBIOT_SDK_OCPU/MCU_R05/out/mt2625_evb/nbiot_m2m_demo/obj/bootloader/driver/chip/mt2625/src/hal_wdt_internal.o
                0x04001cf0                wdt_set_mode
 .text.wdt_set_restart
                0x04001d04       0x10 e:/perforce/MTK/MT2625/SDK/Develop/NBIOT_SDK_OCPU/MCU_R05/out/mt2625_evb/nbiot_m2m_demo/obj/bootloader/driver/chip/mt2625/src/hal_wdt_internal.o
                0x04001d04                wdt_set_restart
 .text.wdt_set_sw_rst
                0x04001d14       0x10 e:/perforce/MTK/MT2625/SDK/Develop/NBIOT_SDK_OCPU/MCU_R05/out/mt2625_evb/nbiot_m2m_demo/obj/bootloader/driver/chip/mt2625/src/hal_wdt_internal.o
                0x04001d14                wdt_set_sw_rst
 .text.wdt_set_enable
                0x04001d24       0x20 e:/perforce/MTK/MT2625/SDK/Develop/NBIOT_SDK_OCPU/MCU_R05/out/mt2625_evb/nbiot_m2m_demo/obj/bootloader/driver/chip/mt2625/src/hal_wdt_internal.o
                0x04001d24                wdt_set_enable
 .text.wdt_get_reset_status
                0x04001d44       0x1c e:/perforce/MTK/MT2625/SDK/Develop/NBIOT_SDK_OCPU/MCU_R05/out/mt2625_evb/nbiot_m2m_demo/obj/bootloader/driver/chip/mt2625/src/hal_wdt_internal.o
                0x04001d44                wdt_get_reset_status
 .text.wdt_clear_irq
                0x04001d60        0xc e:/perforce/MTK/MT2625/SDK/Develop/NBIOT_SDK_OCPU/MCU_R05/out/mt2625_evb/nbiot_m2m_demo/obj/bootloader/driver/chip/mt2625/src/hal_wdt_internal.o
                0x04001d60                wdt_clear_irq
 .text.hal_gpio_init
                0x04001d6c        0x4 e:/perforce/MTK/MT2625/SDK/Develop/NBIOT_SDK_OCPU/MCU_R05/out/mt2625_evb/nbiot_m2m_demo/obj/bootloader/driver/chip/mt2625/src/hal_gpio.o
                0x04001d6c                hal_gpio_init
 .text.hal_gpio_set_direction
                0x04001d70       0x3c e:/perforce/MTK/MT2625/SDK/Develop/NBIOT_SDK_OCPU/MCU_R05/out/mt2625_evb/nbiot_m2m_demo/obj/bootloader/driver/chip/mt2625/src/hal_gpio.o
                0x04001d70                hal_gpio_set_direction
 .text.hal_pinmux_set_function
                0x04001dac       0x68 e:/perforce/MTK/MT2625/SDK/Develop/NBIOT_SDK_OCPU/MCU_R05/out/mt2625_evb/nbiot_m2m_demo/obj/bootloader/driver/chip/mt2625/src/hal_gpio.o
                0x04001dac                hal_pinmux_set_function
 .text.hal_gpio_get_input
                0x04001e14       0x44 e:/perforce/MTK/MT2625/SDK/Develop/NBIOT_SDK_OCPU/MCU_R05/out/mt2625_evb/nbiot_m2m_demo/obj/bootloader/driver/chip/mt2625/src/hal_gpio.o
                0x04001e14                hal_gpio_get_input
 .text.hal_gpio_set_output
                0x04001e58       0x3c e:/perforce/MTK/MT2625/SDK/Develop/NBIOT_SDK_OCPU/MCU_R05/out/mt2625_evb/nbiot_m2m_demo/obj/bootloader/driver/chip/mt2625/src/hal_gpio.o
                0x04001e58                hal_gpio_set_output
 .text.crc_32_calc
                0x04001e94       0x54 e:/perforce/MTK/MT2625/SDK/Develop/NBIOT_SDK_OCPU/MCU_R05/out/mt2625_evb/nbiot_m2m_demo/obj/bootloader/middleware/third_party/rock_fota/src/rock_ua.o
                0x04001e94                crc_32_calc
 .text.rock_read_delta_head
                0x04001ee8       0x1c e:/perforce/MTK/MT2625/SDK/Develop/NBIOT_SDK_OCPU/MCU_R05/out/mt2625_evb/nbiot_m2m_demo/obj/bootloader/middleware/third_party/rock_fota/src/rock_ua.o
                0x04001ee8                rock_read_delta_head
 .text.rock_mismatch
                0x04001f04        0x4 e:/perforce/MTK/MT2625/SDK/Develop/NBIOT_SDK_OCPU/MCU_R05/out/mt2625_evb/nbiot_m2m_demo/obj/bootloader/middleware/third_party/rock_fota/src/rock_ua.o
                0x04001f04                rock_mismatch
 .text.rock_fatal
                0x04001f08        0x4 e:/perforce/MTK/MT2625/SDK/Develop/NBIOT_SDK_OCPU/MCU_R05/out/mt2625_evb/nbiot_m2m_demo/obj/bootloader/middleware/third_party/rock_fota/src/rock_ua.o
                0x04001f08                rock_fatal
 .text.rock_trace
                0x04001f0c       0x48 e:/perforce/MTK/MT2625/SDK/Develop/NBIOT_SDK_OCPU/MCU_R05/out/mt2625_evb/nbiot_m2m_demo/obj/bootloader/middleware/third_party/rock_fota/src/rock_ua.o
                0x04001f0c                rock_trace
 .text.ql_fw_check_crc_value
                0x04001f54       0xf4 e:/perforce/MTK/MT2625/SDK/Develop/NBIOT_SDK_OCPU/MCU_R05/out/mt2625_evb/nbiot_m2m_demo/obj/bootloader/middleware/third_party/rock_fota/src/rock_ua.o
                0x04001f54                ql_fw_check_crc_value
 .text.rock_update_main.constprop.0
                0x04002048       0x60 e:/perforce/MTK/MT2625/SDK/Develop/NBIOT_SDK_OCPU/MCU_R05/out/mt2625_evb/nbiot_m2m_demo/obj/bootloader/middleware/third_party/rock_fota/src/rock_ua.o
 .text.rock_progress
                0x040020a8       0xd4 e:/perforce/MTK/MT2625/SDK/Develop/NBIOT_SDK_OCPU/MCU_R05/out/mt2625_evb/nbiot_m2m_demo/obj/bootloader/middleware/third_party/rock_fota/src/rock_ua.o
                0x040020a8                rock_progress
 .text.rock_write_block
                0x0400217c       0x88 e:/perforce/MTK/MT2625/SDK/Develop/NBIOT_SDK_OCPU/MCU_R05/out/mt2625_evb/nbiot_m2m_demo/obj/bootloader/middleware/third_party/rock_fota/src/rock_ua.o
                0x0400217c                rock_write_block
 .text.rock_read_block
                0x04002204       0x30 e:/perforce/MTK/MT2625/SDK/Develop/NBIOT_SDK_OCPU/MCU_R05/out/mt2625_evb/nbiot_m2m_demo/obj/bootloader/middleware/third_party/rock_fota/src/rock_ua.o
                0x04002204                rock_read_block
 .text.rock_read_delta
                0x04002234       0x84 e:/perforce/MTK/MT2625/SDK/Develop/NBIOT_SDK_OCPU/MCU_R05/out/mt2625_evb/nbiot_m2m_demo/obj/bootloader/middleware/third_party/rock_fota/src/rock_ua.o
                0x04002234                rock_read_delta
 .text.rock_get_blocksize
                0x040022b8        0x6 e:/perforce/MTK/MT2625/SDK/Develop/NBIOT_SDK_OCPU/MCU_R05/out/mt2625_evb/nbiot_m2m_demo/obj/bootloader/middleware/third_party/rock_fota/src/rock_ua.o
                0x040022b8                rock_get_blocksize
 .text.rock_read_file
                0x040022be        0x4 e:/perforce/MTK/MT2625/SDK/Develop/NBIOT_SDK_OCPU/MCU_R05/out/mt2625_evb/nbiot_m2m_demo/obj/bootloader/middleware/third_party/rock_fota/src/rock_ua.o
                0x040022be                rock_read_file
 .text.rock_write_file
                0x040022c2        0x4 e:/perforce/MTK/MT2625/SDK/Develop/NBIOT_SDK_OCPU/MCU_R05/out/mt2625_evb/nbiot_m2m_demo/obj/bootloader/middleware/third_party/rock_fota/src/rock_ua.o
                0x040022c2                rock_write_file
 .text.rock_delete_file
                0x040022c6        0x4 e:/perforce/MTK/MT2625/SDK/Develop/NBIOT_SDK_OCPU/MCU_R05/out/mt2625_evb/nbiot_m2m_demo/obj/bootloader/middleware/third_party/rock_fota/src/rock_ua.o
                0x040022c6                rock_delete_file
 *fill*         0x040022ca        0x2 
 .text.rock_main
                0x040022cc      0x1e4 e:/perforce/MTK/MT2625/SDK/Develop/NBIOT_SDK_OCPU/MCU_R05/out/mt2625_evb/nbiot_m2m_demo/obj/bootloader/middleware/third_party/rock_fota/src/rock_ua.o
                0x040022cc                rock_main
 .text.printf   0x040024b0       0x16 e:/perforce/MTK/MT2625/SDK/Develop/NBIOT_SDK_OCPU/MCU_R05/out/mt2625_evb/nbiot_m2m_demo/obj/bootloader/project/mt2625_evb/apps/bootloader/GCC/syscalls.o
                0x040024b0                printf
 *fill*         0x040024c6        0x2 
 .text.bl_itoa  0x040024c8       0x60 e:/perforce/MTK/MT2625/SDK/Develop/NBIOT_SDK_OCPU/MCU_R05/out/mt2625_evb/nbiot_m2m_demo/obj/bootloader/project/mt2625_evb/apps/bootloader/src/bl_dbgprint.o
 .text.bl_print
                0x04002528        0x6 e:/perforce/MTK/MT2625/SDK/Develop/NBIOT_SDK_OCPU/MCU_R05/out/mt2625_evb/nbiot_m2m_demo/obj/bootloader/project/mt2625_evb/apps/bootloader/src/bl_dbgprint.o
                0x04002528                bl_print
 .text.bl_set_debug_level
                0x0400252e        0x2 e:/perforce/MTK/MT2625/SDK/Develop/NBIOT_SDK_OCPU/MCU_R05/out/mt2625_evb/nbiot_m2m_demo/obj/bootloader/project/mt2625_evb/apps/bootloader/src/bl_dbgprint.o
                0x0400252e                bl_set_debug_level
 .text.bl_print_internal
                0x04002530        0x6 e:/perforce/MTK/MT2625/SDK/Develop/NBIOT_SDK_OCPU/MCU_R05/out/mt2625_evb/nbiot_m2m_demo/obj/bootloader/project/mt2625_evb/apps/bootloader/src/bl_dbgprint.o
                0x04002530                bl_print_internal
 *fill*         0x04002536        0x2 
 .text.ql_bl_print_internal
                0x04002538      0x1d4 e:/perforce/MTK/MT2625/SDK/Develop/NBIOT_SDK_OCPU/MCU_R05/out/mt2625_evb/nbiot_m2m_demo/obj/bootloader/project/mt2625_evb/apps/bootloader/src/bl_dbgprint.o
                0x04002538                ql_bl_print_internal
 .text.ql_bl_print
                0x0400270c       0x1a e:/perforce/MTK/MT2625/SDK/Develop/NBIOT_SDK_OCPU/MCU_R05/out/mt2625_evb/nbiot_m2m_demo/obj/bootloader/project/mt2625_evb/apps/bootloader/src/bl_dbgprint.o
                0x0400270c                ql_bl_print
 .text.bl_custom_rom_baseaddr
                0x04002726        0x6 e:/perforce/MTK/MT2625/SDK/Develop/NBIOT_SDK_OCPU/MCU_R05/out/mt2625_evb/nbiot_m2m_demo/obj/bootloader/project/mt2625_evb/apps/bootloader/src/custom_blconfig.o
                0x04002726                bl_custom_rom_baseaddr
 .text.bl_custom_cm4_start_address
                0x0400272c        0x8 e:/perforce/MTK/MT2625/SDK/Develop/NBIOT_SDK_OCPU/MCU_R05/out/mt2625_evb/nbiot_m2m_demo/obj/bootloader/project/mt2625_evb/apps/bootloader/src/custom_blconfig.o
                0x0400272c                bl_custom_cm4_start_address
 .text.bl_custom_fota_start_address
                0x04002734        0x8 e:/perforce/MTK/MT2625/SDK/Develop/NBIOT_SDK_OCPU/MCU_R05/out/mt2625_evb/nbiot_m2m_demo/obj/bootloader/project/mt2625_evb/apps/bootloader/src/custom_blconfig.o
                0x04002734                bl_custom_fota_start_address
 .text.bl_custom_fota_size
                0x0400273c        0x6 e:/perforce/MTK/MT2625/SDK/Develop/NBIOT_SDK_OCPU/MCU_R05/out/mt2625_evb/nbiot_m2m_demo/obj/bootloader/project/mt2625_evb/apps/bootloader/src/custom_blconfig.o
                0x0400273c                bl_custom_fota_size
 *fill*         0x04002742        0x2 
 .text.bl_hardware_init
                0x04002744      0x11c e:/perforce/MTK/MT2625/SDK/Develop/NBIOT_SDK_OCPU/MCU_R05/out/mt2625_evb/nbiot_m2m_demo/obj/bootloader/project/mt2625_evb/apps/bootloader/src/main.o
                0x04002744                bl_hardware_init
 .text.bl_start_user_code
                0x04002860       0x20 e:/perforce/MTK/MT2625/SDK/Develop/NBIOT_SDK_OCPU/MCU_R05/out/mt2625_evb/nbiot_m2m_demo/obj/bootloader/project/mt2625_evb/apps/bootloader/src/main.o
                0x04002860                bl_start_user_code
 .text.startup.main
                0x04002880       0x12 e:/perforce/MTK/MT2625/SDK/Develop/NBIOT_SDK_OCPU/MCU_R05/out/mt2625_evb/nbiot_m2m_demo/obj/bootloader/project/mt2625_evb/apps/bootloader/src/main.o
                0x04002880                main
 *fill*         0x04002892        0x2 
 .text.OCPU_WTDGpio_Init
                0x04002894      0x154 e:/perforce/MTK/MT2625/SDK/Develop/NBIOT_SDK_OCPU/MCU_R05/out/mt2625_evb/nbiot_m2m_demo/obj/bootloader/project/mt2625_evb/apps/bootloader/src/OCPU_WTD.o
                0x04002894                OCPU_WTDGpio_Init
 .text.OCPU_WTDGpio_Feed
                0x040029e8       0x70 e:/perforce/MTK/MT2625/SDK/Develop/NBIOT_SDK_OCPU/MCU_R05/out/mt2625_evb/nbiot_m2m_demo/obj/bootloader/project/mt2625_evb/apps/bootloader/src/OCPU_WTD.o
                0x040029e8                OCPU_WTDGpio_Feed
 .text.bl_fota_write_update_info
                0x04002a58       0xc8 e:/perforce/MTK/MT2625/SDK/Develop/NBIOT_SDK_OCPU/MCU_R05/out/mt2625_evb/nbiot_m2m_demo/obj/bootloader/project/mt2625_evb/apps/bootloader/src/bl_fota.o
                0x04002a58                bl_fota_write_update_info
 .text.bl_fota_write_marker
                0x04002b20       0x3c e:/perforce/MTK/MT2625/SDK/Develop/NBIOT_SDK_OCPU/MCU_R05/out/mt2625_evb/nbiot_m2m_demo/obj/bootloader/project/mt2625_evb/apps/bootloader/src/bl_fota.o
                0x04002b20                bl_fota_write_marker
 .text.bl_fota_write_update_status
                0x04002b5c       0x30 e:/perforce/MTK/MT2625/SDK/Develop/NBIOT_SDK_OCPU/MCU_R05/out/mt2625_evb/nbiot_m2m_demo/obj/bootloader/project/mt2625_evb/apps/bootloader/src/bl_fota.o
                0x04002b5c                bl_fota_write_update_status
 .text.bl_fota_read_update_info
                0x04002b8c       0x64 e:/perforce/MTK/MT2625/SDK/Develop/NBIOT_SDK_OCPU/MCU_R05/out/mt2625_evb/nbiot_m2m_demo/obj/bootloader/project/mt2625_evb/apps/bootloader/src/bl_fota.o
                0x04002b8c                bl_fota_read_update_info
 .text.bl_fota_is_updating
                0x04002bf0       0x58 e:/perforce/MTK/MT2625/SDK/Develop/NBIOT_SDK_OCPU/MCU_R05/out/mt2625_evb/nbiot_m2m_demo/obj/bootloader/project/mt2625_evb/apps/bootloader/src/bl_fota.o
                0x04002bf0                bl_fota_is_updating
 .text.bl_fota_is_triggered
                0x04002c48       0x4c e:/perforce/MTK/MT2625/SDK/Develop/NBIOT_SDK_OCPU/MCU_R05/out/mt2625_evb/nbiot_m2m_demo/obj/bootloader/project/mt2625_evb/apps/bootloader/src/bl_fota.o
                0x04002c48                bl_fota_is_triggered
 .text.bl_rock_fota_update_main
                0x04002c94       0xa0 e:/perforce/MTK/MT2625/SDK/Develop/NBIOT_SDK_OCPU/MCU_R05/out/mt2625_evb/nbiot_m2m_demo/obj/bootloader/project/mt2625_evb/apps/bootloader/src/bl_fota.o
                0x04002c94                bl_rock_fota_update_main
 .text.bl_fota_process
                0x04002d34       0x4c e:/perforce/MTK/MT2625/SDK/Develop/NBIOT_SDK_OCPU/MCU_R05/out/mt2625_evb/nbiot_m2m_demo/obj/bootloader/project/mt2625_evb/apps/bootloader/src/bl_fota.o
                0x04002d34                bl_fota_process
 .text.chip_is_mt2625E3
                0x04002d80       0x20 ../../../../../prebuilt/driver/chip/mt2625/lib/libhal_protected_CM4_GCC.a(version_code.o)
                0x04002d80                chip_is_mt2625E3
 .text.apply_patch_from_rom
                0x04002da0      0x45c ../../../../../middleware/third_party/rock_fota/lib/libiotpatch_gmobi_316_armgcc484.a(iotpatch.o)
                0x04002da0                apply_patch_from_rom
 .text.rock_write_block_with_backup
                0x040031fc       0x48 ../../../../../middleware/third_party/rock_fota/lib/libiotpatch_gmobi_316_armgcc484.a(iot_main.o)
 .text.hash_from_rom
                0x04003244      0x170 ../../../../../middleware/third_party/rock_fota/lib/libiotpatch_gmobi_316_armgcc484.a(iot_main.o)
 .text.iot_patch
                0x040033b4      0xa4c ../../../../../middleware/third_party/rock_fota/lib/libiotpatch_gmobi_316_armgcc484.a(iot_main.o)
                0x040033b4                iot_patch
 .text.iot_adler32
                0x04003e00      0x230 ../../../../../middleware/third_party/rock_fota/lib/libiotpatch_gmobi_316_armgcc484.a(iot_adler32.o)
                0x04003e00                iot_adler32
 .text.iot_hash
                0x04004030       0x18 ../../../../../middleware/third_party/rock_fota/lib/libiotpatch_gmobi_316_armgcc484.a(iot_adler32.o)
                0x04004030                iot_hash
 .text.iot_hash_combine
                0x04004048       0x80 ../../../../../middleware/third_party/rock_fota/lib/libiotpatch_gmobi_316_armgcc484.a(iot_adler32.o)
                0x04004048                iot_hash_combine
 .text.LzmaDec_TryDummy
                0x040040c8      0x474 ../../../../../middleware/third_party/rock_fota/lib/libiotpatch_gmobi_316_armgcc484.a(LzmaDec.o)
 .text.LzmaDec_DecodeReal2
                0x0400453c      0xaec ../../../../../middleware/third_party/rock_fota/lib/libiotpatch_gmobi_316_armgcc484.a(LzmaDec.o)
 .text.LzmaDec_Init
                0x04005028       0x14 ../../../../../middleware/third_party/rock_fota/lib/libiotpatch_gmobi_316_armgcc484.a(LzmaDec.o)
                0x04005028                LzmaDec_Init
 .text.LzmaDec_DecodeToBuf
                0x0400503c      0x510 ../../../../../middleware/third_party/rock_fota/lib/libiotpatch_gmobi_316_armgcc484.a(LzmaDec.o)
                0x0400503c                LzmaDec_DecodeToBuf
 .text.LzmaDec_Free
                0x0400554c       0x20 ../../../../../middleware/third_party/rock_fota/lib/libiotpatch_gmobi_316_armgcc484.a(LzmaDec.o)
                0x0400554c                LzmaDec_Free
 .text.LzmaDec_Allocate
                0x0400556c       0xe8 ../../../../../middleware/third_party/rock_fota/lib/libiotpatch_gmobi_316_armgcc484.a(LzmaDec.o)
                0x0400556c                LzmaDec_Allocate
 .text.vex_malloc
                0x04005654      0x198 ../../../../../middleware/third_party/rock_fota/lib/libiotpatch_gmobi_316_armgcc484.a(mempool.o)
                0x04005654                vex_malloc
 .text.vex_free
                0x040057ec       0xb0 ../../../../../middleware/third_party/rock_fota/lib/libiotpatch_gmobi_316_armgcc484.a(mempool.o)
                0x040057ec                vex_free
 .text.vex_vmm_init
                0x0400589c       0x4c ../../../../../middleware/third_party/rock_fota/lib/libiotpatch_gmobi_316_armgcc484.a(mempool.o)
                0x0400589c                vex_vmm_init
 .text.block_stream_flush
                0x040058e8       0x38 ../../../../../middleware/third_party/rock_fota/lib/libiotpatch_gmobi_316_armgcc484.a(block_stream.o)
                0x040058e8                block_stream_flush
 .text.block_stream_writenb
                0x04005920       0x8c ../../../../../middleware/third_party/rock_fota/lib/libiotpatch_gmobi_316_armgcc484.a(block_stream.o)
                0x04005920                block_stream_writenb
 .text.block_stream_readnb
                0x040059ac       0x90 ../../../../../middleware/third_party/rock_fota/lib/libiotpatch_gmobi_316_armgcc484.a(block_stream.o)
                0x040059ac                block_stream_readnb
 .text.block_stream_init
                0x04005a3c       0x50 ../../../../../middleware/third_party/rock_fota/lib/libiotpatch_gmobi_316_armgcc484.a(block_stream.o)
                0x04005a3c                block_stream_init
 .text.block_stream_free
                0x04005a8c       0x10 ../../../../../middleware/third_party/rock_fota/lib/libiotpatch_gmobi_316_armgcc484.a(block_stream.o)
                0x04005a8c                block_stream_free
 .text.lzma_stream_free
                0x04005a9c       0x20 ../../../../../middleware/third_party/rock_fota/lib/libiotpatch_gmobi_316_armgcc484.a(lzma_stream.o)
                0x04005a9c                lzma_stream_free
 .text.lzma_stream_init
                0x04005abc      0x104 ../../../../../middleware/third_party/rock_fota/lib/libiotpatch_gmobi_316_armgcc484.a(lzma_stream.o)
                0x04005abc                lzma_stream_init
 .text.lzma_stream_readnb
                0x04005bc0       0xe4 ../../../../../middleware/third_party/rock_fota/lib/libiotpatch_gmobi_316_armgcc484.a(lzma_stream.o)
                0x04005bc0                lzma_stream_readnb
 .text.SzFree   0x04005ca4        0x8 ../../../../../middleware/third_party/rock_fota/lib/libiotpatch_gmobi_316_armgcc484.a(iot_alloc.o)
 .text.SzAlloc  0x04005cac        0x8 ../../../../../middleware/third_party/rock_fota/lib/libiotpatch_gmobi_316_armgcc484.a(iot_alloc.o)
 .text.memcmp   0x04005cb4       0x1e e:/perforce/mtk/mt2625/sdk/develop/nbiot_sdk_ocpu/mcu_r05/tools/gcc/win/gcc-arm-none-eabi/bin/../lib/gcc/arm-none-eabi/4.8.3/../../../../arm-none-eabi/lib/armv7e-m/fpu\libg_s.a(lib_a-memcmp.o)
                0x04005cb4                memcmp
 .text.memcpy   0x04005cd2       0x12 e:/perforce/mtk/mt2625/sdk/develop/nbiot_sdk_ocpu/mcu_r05/tools/gcc/win/gcc-arm-none-eabi/bin/../lib/gcc/arm-none-eabi/4.8.3/../../../../arm-none-eabi/lib/armv7e-m/fpu\libg_s.a(lib_a-memcpy-stub.o)
                0x04005cd2                memcpy
 .text.memset   0x04005ce4       0x10 e:/perforce/mtk/mt2625/sdk/develop/nbiot_sdk_ocpu/mcu_r05/tools/gcc/win/gcc-arm-none-eabi/bin/../lib/gcc/arm-none-eabi/4.8.3/../../../../arm-none-eabi/lib/armv7e-m/fpu\libg_s.a(lib_a-memset.o)
                0x04005ce4                memset
 .text.strcat   0x04005cf4       0x1a e:/perforce/mtk/mt2625/sdk/develop/nbiot_sdk_ocpu/mcu_r05/tools/gcc/win/gcc-arm-none-eabi/bin/../lib/gcc/arm-none-eabi/4.8.3/../../../../arm-none-eabi/lib/armv7e-m/fpu\libg_s.a(lib_a-strcat.o)
                0x04005cf4                strcat
 .text.strlen   0x04005d0e       0x10 e:/perforce/mtk/mt2625/sdk/develop/nbiot_sdk_ocpu/mcu_r05/tools/gcc/win/gcc-arm-none-eabi/bin/../lib/gcc/arm-none-eabi/4.8.3/../../../../arm-none-eabi/lib/armv7e-m/fpu\libg_s.a(lib_a-strlen.o)
                0x04005d0e                strlen
 .text.strncmp  0x04005d1e       0x2e e:/perforce/mtk/mt2625/sdk/develop/nbiot_sdk_ocpu/mcu_r05/tools/gcc/win/gcc-arm-none-eabi/bin/../lib/gcc/arm-none-eabi/4.8.3/../../../../arm-none-eabi/lib/armv7e-m/fpu\libg_s.a(lib_a-strncmp.o)
                0x04005d1e                strncmp
 *(.rodata)
 .rodata        0x04005d4c        0x8 e:/perforce/MTK/MT2625/SDK/Develop/NBIOT_SDK_OCPU/MCU_R05/out/mt2625_evb/nbiot_m2m_demo/obj/bootloader/driver/chip/mt2625/src/hal_emi.o
 .rodata        0x04005d54       0x28 e:/perforce/MTK/MT2625/SDK/Develop/NBIOT_SDK_OCPU/MCU_R05/out/mt2625_evb/nbiot_m2m_demo/obj/bootloader/driver/chip/mt2625/src/hal_uart_internal.o
 .rodata        0x04005d7c       0x16 e:/perforce/MTK/MT2625/SDK/Develop/NBIOT_SDK_OCPU/MCU_R05/out/mt2625_evb/nbiot_m2m_demo/obj/bootloader/project/mt2625_evb/apps/bootloader/src/OCPU_WTD.o
 *(.rodata*)
 *fill*         0x04005d92        0x2 
 .rodata.combo_mem_id_list
                0x04005d94       0x44 e:/perforce/MTK/MT2625/SDK/Develop/NBIOT_SDK_OCPU/MCU_R05/out/mt2625_evb/nbiot_m2m_demo/obj/bootloader/driver/chip/mt2625/src/hal_flash_combo_init.o
                0x04005d94                combo_mem_id_list
 .rodata.combo_mem_sw_list
                0x04005dd8      0x2b8 e:/perforce/MTK/MT2625/SDK/Develop/NBIOT_SDK_OCPU/MCU_R05/out/mt2625_evb/nbiot_m2m_demo/obj/bootloader/driver/chip/mt2625/src/hal_flash_combo_nor.o
 .rodata.g_uart_baudrate_map
                0x04006090       0x34 e:/perforce/MTK/MT2625/SDK/Develop/NBIOT_SDK_OCPU/MCU_R05/out/mt2625_evb/nbiot_m2m_demo/obj/bootloader/driver/chip/mt2625/src/hal_uart.o
 .rodata.CSWTCH.5
                0x040060c4        0x4 e:/perforce/MTK/MT2625/SDK/Develop/NBIOT_SDK_OCPU/MCU_R05/out/mt2625_evb/nbiot_m2m_demo/obj/bootloader/driver/chip/mt2625/src/hal_uart_internal.o
 .rodata.g_uart_port_to_pdn
                0x040060c8        0x4 e:/perforce/MTK/MT2625/SDK/Develop/NBIOT_SDK_OCPU/MCU_R05/out/mt2625_evb/nbiot_m2m_demo/obj/bootloader/driver/chip/mt2625/src/hal_uart_internal.o
                0x040060c8                g_uart_port_to_pdn
 .rodata.g_uart_regbase
                0x040060cc       0x10 e:/perforce/MTK/MT2625/SDK/Develop/NBIOT_SDK_OCPU/MCU_R05/out/mt2625_evb/nbiot_m2m_demo/obj/bootloader/driver/chip/mt2625/src/hal_uart_internal.o
                0x040060cc                g_uart_regbase
 .rodata.rtc_spare_register_table
                0x040060dc       0x10 e:/perforce/MTK/MT2625/SDK/Develop/NBIOT_SDK_OCPU/MCU_R05/out/mt2625_evb/nbiot_m2m_demo/obj/bootloader/driver/chip/mt2625/src/hal_rtc.o
 .rodata.str1.1
                0x040060ec      0x27d e:/perforce/MTK/MT2625/SDK/Develop/NBIOT_SDK_OCPU/MCU_R05/out/mt2625_evb/nbiot_m2m_demo/obj/bootloader/driver/chip/mt2625/src/hal_rtc.o
 *fill*         0x04006369        0x3 
 .rodata.past_days.8774
                0x0400636c       0x30 e:/perforce/MTK/MT2625/SDK/Develop/NBIOT_SDK_OCPU/MCU_R05/out/mt2625_evb/nbiot_m2m_demo/obj/bootloader/driver/chip/mt2625/src/hal_rtc.o
 .rodata.str1.1
                0x0400639c      0x1ff e:/perforce/MTK/MT2625/SDK/Develop/NBIOT_SDK_OCPU/MCU_R05/out/mt2625_evb/nbiot_m2m_demo/obj/bootloader/middleware/third_party/rock_fota/src/rock_ua.o
 *fill*         0x0400659b        0x1 
 .rodata.crc32_table
                0x0400659c      0x400 e:/perforce/MTK/MT2625/SDK/Develop/NBIOT_SDK_OCPU/MCU_R05/out/mt2625_evb/nbiot_m2m_demo/obj/bootloader/middleware/third_party/rock_fota/src/rock_ua.o
                0x0400659c                crc32_table
 .rodata.str1.1
                0x0400699c        0x7 e:/perforce/MTK/MT2625/SDK/Develop/NBIOT_SDK_OCPU/MCU_R05/out/mt2625_evb/nbiot_m2m_demo/obj/bootloader/project/mt2625_evb/apps/bootloader/src/bl_dbgprint.o
 .rodata.str1.1
                0x040069a3      0x116 e:/perforce/MTK/MT2625/SDK/Develop/NBIOT_SDK_OCPU/MCU_R05/out/mt2625_evb/nbiot_m2m_demo/obj/bootloader/project/mt2625_evb/apps/bootloader/src/main.o
 .rodata.PinConfItem
                0x04006ab9       0x4e e:/perforce/MTK/MT2625/SDK/Develop/NBIOT_SDK_OCPU/MCU_R05/out/mt2625_evb/nbiot_m2m_demo/obj/bootloader/project/mt2625_evb/apps/bootloader/src/OCPU_WTD.o
 .rodata.__FUNCTION__.8582
                0x04006b07       0x1a e:/perforce/MTK/MT2625/SDK/Develop/NBIOT_SDK_OCPU/MCU_R05/out/mt2625_evb/nbiot_m2m_demo/obj/bootloader/project/mt2625_evb/apps/bootloader/src/bl_fota.o
 .rodata.__FUNCTION__.8694
                0x04006b21       0x19 e:/perforce/MTK/MT2625/SDK/Develop/NBIOT_SDK_OCPU/MCU_R05/out/mt2625_evb/nbiot_m2m_demo/obj/bootloader/project/mt2625_evb/apps/bootloader/src/bl_fota.o
 .rodata.str1.1
                0x04006b3a      0x8c8 e:/perforce/MTK/MT2625/SDK/Develop/NBIOT_SDK_OCPU/MCU_R05/out/mt2625_evb/nbiot_m2m_demo/obj/bootloader/project/mt2625_evb/apps/bootloader/src/bl_fota.o
                                0x8cb (size before relaxing)
 .rodata.__FUNCTION__.8701
                0x04007402       0x1e e:/perforce/MTK/MT2625/SDK/Develop/NBIOT_SDK_OCPU/MCU_R05/out/mt2625_evb/nbiot_m2m_demo/obj/bootloader/project/mt2625_evb/apps/bootloader/src/bl_fota.o
 .rodata.__FUNCTION__.8711
                0x04007420       0x15 e:/perforce/MTK/MT2625/SDK/Develop/NBIOT_SDK_OCPU/MCU_R05/out/mt2625_evb/nbiot_m2m_demo/obj/bootloader/project/mt2625_evb/apps/bootloader/src/bl_fota.o
 *fill*         0x04007435        0x3 
 .rodata.str1.4
                0x04007438      0x182 ../../../../../middleware/third_party/rock_fota/lib/libiotpatch_gmobi_316_armgcc484.a(iotpatch.o)
                                0x184 (size before relaxing)
 *fill*         0x040075ba        0x2 
 .rodata.str1.4
                0x040075bc      0x5cc ../../../../../middleware/third_party/rock_fota/lib/libiotpatch_gmobi_316_armgcc484.a(iot_main.o)
 *(.ram_rodata)
 .ram_rodata    0x04007b88      0x220 e:/perforce/MTK/MT2625/SDK/Develop/NBIOT_SDK_OCPU/MCU_R05/out/mt2625_evb/nbiot_m2m_demo/obj/bootloader/driver/chip/mt2625/src/hal_flash_custom_sfi.o
 *(.sysram_rodata)
 *(.tcm_rodata)
 *(.glue_7)
 .glue_7        0x00000000        0x0 linker stubs
 *(.glue_7t)
 .glue_7t       0x00000000        0x0 linker stubs
 *(.eh_frame)
 *(.ram_code)
 .ram_code      0x04007da8      0x320 e:/perforce/MTK/MT2625/SDK/Develop/NBIOT_SDK_OCPU/MCU_R05/out/mt2625_evb/nbiot_m2m_demo/obj/bootloader/driver/chip/mt2625/src/hal_flash_mtd_common.o
                0x04007da8                SFI_ReverseByteOrder
                0x04007dac                SFI_Dev_CommandAddress
                0x04007df4                SFI_GPRAM_Write_C1A3
                0x04007e06                SFI_GPRAM_Write_C1A4
                0x04007e50                SFI_GPRAM_Write
                0x04007ed6                SFI_Dev_Command_Ext
                0x04007f50                SFI_Dev_Command_List
                0x0400801c                SFI_ReadDeviceID
                0x04008036                SFI_ReadDeviceID_SPI
                0x0400803c                SFI_Dev_WorkingFrequencyQuery
                0x04008040                SFI_Dev_WorkingVoltageQuery
                0x04008058                SFI_Dev_GetUniqueID
                0x04008068                SF_DAL_DEV_Enter_DPD
 .ram_code      0x040080c8      0xb04 e:/perforce/MTK/MT2625/SDK/Develop/NBIOT_SDK_OCPU/MCU_R05/out/mt2625_evb/nbiot_m2m_demo/obj/bootloader/driver/chip/mt2625/src/hal_flash_mtd_dal.o
                0x040080c8                SF_DAL_UnlockBlock_None
                0x040080cc                SF_DAL_NonBlockEraseBlock
                0x040080d2                SF_DAL_LockEraseBlkAddr
                0x040080d6                SF_DAL_OTPQueryLength
                0x040080e0                SF_DAL_OTPRead_WINBOND
                0x04008208                SF_DAL_OTPAccess
                0x04008240                get_current_32K_counter
                0x0400825a                ust_busy_wait
                0x0400825e                SaveAndSetIRQMask
                0x04008262                RestoreIRQMask
                0x04008264                sfi_60qbit_test
                0x04008268                Flash_ReturnReady
                0x0400826a                SF_DAL_FLAG_BUSY_SET
                0x04008278                SF_DAL_FLAG_BUSY_CLR
                0x04008284                SF_DAL_FLAG_SUS_SET
                0x04008290                SF_DAL_FLAG_SUS_CLR
                0x0400829c                SF_DAL_Dev_ReadID
                0x040082d4                SF_DAL_Dev_Suspend
                0x0400830c                SF_DAL_Dev_Resume
                0x0400833c                SF_DAL_ResumeErase
                0x04008346                SF_DAL_Dev_ReadStatus
                0x04008378                SF_DAL_ShutDown
                0x040083bc                SF_DAL_SuspendErase
                0x040083e8                SF_DAL_FailCheck
                0x0400840e                SF_DAL_CheckReadyAndResume
                0x04008478                SF_DAL_CheckDeviceReady
                0x040084f8                SF_DAL_MountDevice
                0x04008552                SF_DAL_Dev_Command
                0x04008580                SF_DAL_Dev_WriteEnable
                0x0400858c                SF_DAL_ProgramData
                0x040086a8                SF_DAL_Dev_EraseBlock
                0x040086dc                SF_DAL_EraseBlock
                0x0400879a                SF_DAL_OTPLock_WINBOND
                0x040087fc                SF_DAL_OTPWrite_WINBOND
                0x04008980                SF_DAL_OTPLock_MXIC
                0x040089b2                SF_DAL_OTPWrite_MXIC
                0x04008a8c                SF_DAL_OTPRead_MXIC
                0x04008b20                SF_DAL_Dev_Command_Ext
                0x04008b30                SF_DAL_Dev_WaitReady_EMIINIT
                0x04008b5c                SF_DAL_UnlockBlock_MXIC
 .ram_code      0x04008bcc       0xc4 e:/perforce/MTK/MT2625/SDK/Develop/NBIOT_SDK_OCPU/MCU_R05/out/mt2625_evb/nbiot_m2m_demo/obj/bootloader/driver/chip/mt2625/src/hal_flash_custom_sfi.o
                0x04008bcc                custom_setSFI
                0x04008c78                custom_setSFIExt
 .ram_code      0x04008c90       0xf8 e:/perforce/MTK/MT2625/SDK/Develop/NBIOT_SDK_OCPU/MCU_R05/out/mt2625_evb/nbiot_m2m_demo/obj/bootloader/driver/chip/mt2625/src/hal_flash_combo_init.o
                0x04008c90                CMEM_EMIINIT_CheckValidDeviceID
                0x04008ccc                CMEM_EMIINIT_ReadID
                0x04008d28                CMEM_EMIINIT_Index
 .ram_code      0x04008d88       0x7c e:/perforce/MTK/MT2625/SDK/Develop/NBIOT_SDK_OCPU/MCU_R05/out/mt2625_evb/nbiot_m2m_demo/obj/bootloader/driver/chip/mt2625/src/hal_flash_cfi.o
                0x04008d88                NOR_ReadID
 .ram_code      0x04008e04      0x178 e:/perforce/MTK/MT2625/SDK/Develop/NBIOT_SDK_OCPU/MCU_R05/out/mt2625_evb/nbiot_m2m_demo/obj/bootloader/driver/chip/mt2625/src/hal_flash_mtd.o
                0x04008e04                BlockAddress
                0x04008e44                MapWindow
                0x04008f14                BlockSize
                0x04008f32                BlockIndex
                0x04008f78                DelayAWhile_UST
 *(.sysram_code)
 *(.tcm_code)
 .tcm_code      0x04008f7c      0x120 e:/perforce/MTK/MT2625/SDK/Develop/NBIOT_SDK_OCPU/MCU_R05/out/mt2625_evb/nbiot_m2m_demo/obj/bootloader/driver/chip/mt2625/src/hal_cache.o
                0x04008f7c                hal_cache_invalidate_one_cache_line
                0x04008fb0                hal_cache_invalidate_multiple_cache_lines
                0x04008fe4                hal_cache_invalidate_all_cache_lines
                0x0400901c                hal_cache_flush_one_cache_line
                0x04009050                hal_cache_flush_multiple_cache_lines
                0x04009074                hal_cache_flush_all_cache_lines
 .tcm_code      0x0400909c      0x57c e:/perforce/MTK/MT2625/SDK/Develop/NBIOT_SDK_OCPU/MCU_R05/out/mt2625_evb/nbiot_m2m_demo/obj/bootloader/driver/chip/mt2625/src/hal_emi.o
                0x0400909c                __EMI_GetSR
                0x040090c8                __EMI_SetSR
                0x040090f4                __EMI_SetRegValfromCMCP
                0x0400913c                EMI_PowerOn_Init
                0x0400919c                custom_setEMI
                0x040091c8                hal_emi_configure
                0x040091cc                __EMI_EnableBandwidthLimiter
                0x04009208                TestCase_MBIST
                0x040092bc                __EMI_DataAutoTrackingMbistTest
                0x040092cc                __EMI_EnableDataAutoTracking
                0x04009314                custom_setAdvEMI
                0x040093a0                hal_emi_configure_advanced
                0x040093a4                EMI_Setting_Save
                0x040093fc                EMI_Setting_restore
                0x04009460                mtk_psram_half_sleep_exit
                0x040094d4                mtk_psram_half_sleep_enter
                0x04009524                EMI_DynamicClockSwitch
                0x04009580                hal_emi_dynamic_clock_switch
                0x040095f8                emi_mask_master
                0x04009608                emi_unmask_master
 .tcm_code      0x04009618       0x58 e:/perforce/MTK/MT2625/SDK/Develop/NBIOT_SDK_OCPU/MCU_R05/out/mt2625_evb/nbiot_m2m_demo/obj/bootloader/driver/chip/mt2625/src/hal_nvic.o
                0x04009618                get_current_irq
                0x04009628                isrC_main
                0x04009658                hal_nvic_save_and_set_interrupt_mask
                0x04009666                hal_nvic_restore_interrupt_mask
 .tcm_code      0x04009670        0xe e:/perforce/MTK/MT2625/SDK/Develop/NBIOT_SDK_OCPU/MCU_R05/out/mt2625_evb/nbiot_m2m_demo/obj/bootloader/driver/chip/mt2625/src/hal_nvic_internal.o
                0x04009670                save_and_set_interrupt_mask
                0x04009678                restore_interrupt_mask
 *fill*         0x0400967e        0x2 
 .tcm_code      0x04009680      0x16c e:/perforce/MTK/MT2625/SDK/Develop/NBIOT_SDK_OCPU/MCU_R05/out/mt2625_evb/nbiot_m2m_demo/obj/bootloader/driver/chip/mt2625/src/hal_flash_mtd_common.o
                0x04009680                SFI_MacEnable
                0x040096ac                SFI_MacLeave
                0x040096d8                SFI_MacTrigger
                0x04009700                SFI_MacWaitReady
                0x04009712                SFI_Dev_Command
                0x04009750                SF_DAL_DEV_Leave_DPD
                0x04009798                SF_DAL_DEV_SWITCH_TO_LOW_FQ
                0x040097c8                SF_DAL_DEV_SWITCH_TO_HIGH_FQ
 .tcm_code      0x040097ec       0x1c e:/perforce/MTK/MT2625/SDK/Develop/NBIOT_SDK_OCPU/MCU_R05/out/mt2625_evb/nbiot_m2m_demo/obj/bootloader/driver/chip/mt2625/src/hal_flash_mtd_dal.o
                0x040097ec                sf_get_current_time
 .tcm_code      0x04009808       0xe0 e:/perforce/MTK/MT2625/SDK/Develop/NBIOT_SDK_OCPU/MCU_R05/out/mt2625_evb/nbiot_m2m_demo/obj/bootloader/driver/chip/mt2625/src/hal_gpt.o
                0x04009808                hal_gpt_get_free_run_count
                0x04009868                hal_gpt_get_duration_count
                0x04009878                hal_gpt_delay_ms
                0x040098b4                hal_gpt_delay_us
 .tcm_code      0x040098e8       0x88 e:/perforce/MTK/MT2625/SDK/Develop/NBIOT_SDK_OCPU/MCU_R05/out/mt2625_evb/nbiot_m2m_demo/obj/bootloader/driver/chip/mt2625/src/hal_gpt_internal.o
                0x040098e8                gpt_current_count
                0x040098ec                gpt_convert_ms_to_32k_count
                0x04009914                gpt_open_clock_source
                0x04009930                gpt_start_free_run_timer
                0x04009948                gpt_delay_time
 .tcm_code      0x04009970      0xf54 e:/perforce/MTK/MT2625/SDK/Develop/NBIOT_SDK_OCPU/MCU_R05/out/mt2625_evb/nbiot_m2m_demo/obj/bootloader/driver/chip/mt2625/src/hal_clock.o
                0x04009970                clock_mux_sel
                0x04009c8c                clock_mux_get_state
                0x04009cf4                hal_clock_enable
                0x04009d60                hal_clock_disable
                0x04009dd4                hal_clock_is_enabled
                0x04009e04                clock_suspend
                0x04009e08                clock_resume
                0x04009e0c                hal_clock_get_freq_meter
                0x04009e74                hal_clock_get_freq_meter_cycle
                0x04009e78                hal_clock_set_vore_voltage
                0x04009e8c                hal_clock_get_vore_voltage
                0x04009e98                hal_clock_set_pll_dcm_init
                0x0400a140                hal_clock_disable_pll
                0x0400a184                hal_clock_set_switch_to_0P9V
                0x0400a2e8                hal_clock_set_switch_to_1P1V
                0x0400a4b8                hal_clock_set_switch_to_1P1V_78M
                0x0400a688                hal_clock_set_switch_to_1P3V
                0x0400a874                hal_clock_init
 *(.init)
 *(.fini)
                0x0400a8c4                . = ALIGN (0x4)
                0x0400a8c4                _etext = .
                0x0400a8c4                _exit = .
                0x0800c8c4                _sidata = LOADADDR (.data)

.vfp11_veneer   0x0400a8c4        0x0 load address 0x0800c8c4
 .vfp11_veneer  0x00000000        0x0 linker stubs

.v4_bx          0x0400a8c4        0x0 load address 0x0800c8c4
 .v4_bx         0x00000000        0x0 linker stubs

.iplt           0x0400a8c4        0x0 load address 0x0800c8c4
 .iplt          0x00000000        0x0 e:/perforce/MTK/MT2625/SDK/Develop/NBIOT_SDK_OCPU/MCU_R05/out/mt2625_evb/nbiot_m2m_demo/obj/bootloader/driver/chip/mt2625/src/hal_adc.o

.rel.dyn        0x0400a8c4        0x0 load address 0x0800c8c4
 .rel.iplt      0x00000000        0x0 e:/perforce/MTK/MT2625/SDK/Develop/NBIOT_SDK_OCPU/MCU_R05/out/mt2625_evb/nbiot_m2m_demo/obj/bootloader/driver/chip/mt2625/src/hal_adc.o

.data           0x0400a8c4      0x108 load address 0x0800c8c4
                0x0400a8c4                . = ALIGN (0x4)
                0x0400a8c4                _sdata = .
 *(.data)
 *(.data*)
 .data.sf_dal_resume_time
                0x0400a8c4        0x4 e:/perforce/MTK/MT2625/SDK/Develop/NBIOT_SDK_OCPU/MCU_R05/out/mt2625_evb/nbiot_m2m_demo/obj/bootloader/driver/chip/mt2625/src/hal_flash_mtd_dal.o
                0x0400a8c4                sf_dal_resume_time
 .data.cmem_index
                0x0400a8c8        0x2 e:/perforce/MTK/MT2625/SDK/Develop/NBIOT_SDK_OCPU/MCU_R05/out/mt2625_evb/nbiot_m2m_demo/obj/bootloader/driver/chip/mt2625/src/hal_flash_combo_init.o
 .data.cmem_emiinit_index
                0x0400a8ca        0x2 e:/perforce/MTK/MT2625/SDK/Develop/NBIOT_SDK_OCPU/MCU_R05/out/mt2625_evb/nbiot_m2m_demo/obj/bootloader/driver/chip/mt2625/src/hal_flash_combo_init.o
 .data.flash_init_status
                0x0400a8cc        0x1 e:/perforce/MTK/MT2625/SDK/Develop/NBIOT_SDK_OCPU/MCU_R05/out/mt2625_evb/nbiot_m2m_demo/obj/bootloader/driver/chip/mt2625/src/hal_flash_disk.o
                0x0400a8cc                flash_init_status
 *fill*         0x0400a8cd        0x3 
 .data.gNOR_ReturnReadyEnd
                0x0400a8d0        0x4 e:/perforce/MTK/MT2625/SDK/Develop/NBIOT_SDK_OCPU/MCU_R05/out/mt2625_evb/nbiot_m2m_demo/obj/bootloader/driver/chip/mt2625/src/hal_flash_mtd.o
                0x0400a8d0                gNOR_ReturnReadyEnd
 .data.rtc_register
                0x0400a8d4        0x4 e:/perforce/MTK/MT2625/SDK/Develop/NBIOT_SDK_OCPU/MCU_R05/out/mt2625_evb/nbiot_m2m_demo/obj/bootloader/driver/chip/mt2625/src/hal_rtc.o
                0x0400a8d4                rtc_register
 .data.abist_fqmtr_register
                0x0400a8d8        0x4 e:/perforce/MTK/MT2625/SDK/Develop/NBIOT_SDK_OCPU/MCU_R05/out/mt2625_evb/nbiot_m2m_demo/obj/bootloader/driver/chip/mt2625/src/hal_rtc.o
                0x0400a8d8                abist_fqmtr_register
 .data.gpio_cfg1
                0x0400a8dc        0x4 e:/perforce/MTK/MT2625/SDK/Develop/NBIOT_SDK_OCPU/MCU_R05/out/mt2625_evb/nbiot_m2m_demo/obj/bootloader/driver/chip/mt2625/src/hal_gpio.o
                0x0400a8dc                gpio_cfg1
 .data.gpio_base
                0x0400a8e0        0x4 e:/perforce/MTK/MT2625/SDK/Develop/NBIOT_SDK_OCPU/MCU_R05/out/mt2625_evb/nbiot_m2m_demo/obj/bootloader/driver/chip/mt2625/src/hal_gpio.o
                0x0400a8e0                gpio_base
 .data.OCPU_WtdCfg
                0x0400a8e4        0x2 e:/perforce/MTK/MT2625/SDK/Develop/NBIOT_SDK_OCPU/MCU_R05/out/mt2625_evb/nbiot_m2m_demo/obj/bootloader/project/mt2625_evb/apps/bootloader/src/OCPU_WTD.o
 .data.m_ExtWDT_Pin1
                0x0400a8e6        0x2 e:/perforce/MTK/MT2625/SDK/Develop/NBIOT_SDK_OCPU/MCU_R05/out/mt2625_evb/nbiot_m2m_demo/obj/bootloader/project/mt2625_evb/apps/bootloader/src/OCPU_WTD.o
 .data.m_ExtWDT_Pin2
                0x0400a8e8        0x2 e:/perforce/MTK/MT2625/SDK/Develop/NBIOT_SDK_OCPU/MCU_R05/out/mt2625_evb/nbiot_m2m_demo/obj/bootloader/project/mt2625_evb/apps/bootloader/src/OCPU_WTD.o
 *fill*         0x0400a8ea        0x2 
 .data.m_AppEnableCfg
                0x0400a8ec        0x4 e:/perforce/MTK/MT2625/SDK/Develop/NBIOT_SDK_OCPU/MCU_R05/out/mt2625_evb/nbiot_m2m_demo/obj/bootloader/project/mt2625_evb/apps/bootloader/src/OCPU_WTD.o
 .data.g_iot_Alloc
                0x0400a8f0        0x4 ../../../../../middleware/third_party/rock_fota/lib/libiotpatch_gmobi_316_armgcc484.a(iot_alloc.o)
                0x0400a8f0                g_iot_Alloc
 .data.vex_Alloc
                0x0400a8f4        0x8 ../../../../../middleware/third_party/rock_fota/lib/libiotpatch_gmobi_316_armgcc484.a(iot_alloc.o)
 .data.build_date_time_str
                0x0400a8fc       0x1f e:/perforce/MTK/MT2625/SDK/Develop/NBIOT_SDK_OCPU/MCU_R05/out/mt2625_evb/nbiot_m2m_demo/obj/bootloader/middleware/MTK/verno/verno.o
                0x0400a8fc                build_date_time_str
 .data.hw_verno_str
                0x0400a91b        0xb e:/perforce/MTK/MT2625/SDK/Develop/NBIOT_SDK_OCPU/MCU_R05/out/mt2625_evb/nbiot_m2m_demo/obj/bootloader/middleware/MTK/verno/verno.o
                0x0400a91b                hw_verno_str
 .data.sw_verno_str
                0x0400a926       0x11 e:/perforce/MTK/MT2625/SDK/Develop/NBIOT_SDK_OCPU/MCU_R05/out/mt2625_evb/nbiot_m2m_demo/obj/bootloader/middleware/MTK/verno/verno.o
                0x0400a926                sw_verno_str
 *(.tcm_rwdata)
 *fill*         0x0400a937        0x1 
 .tcm_rwdata    0x0400a938       0x50 e:/perforce/MTK/MT2625/SDK/Develop/NBIOT_SDK_OCPU/MCU_R05/out/mt2625_evb/nbiot_m2m_demo/obj/bootloader/driver/chip/mt2625/src/hal_emi.o
                0x0400a938                emi_register
                0x0400a93c                emi_settings
                0x0400a974                __EMI_CurSR0
                0x0400a978                __EMI_CurSR1
                0x0400a97c                __EMI_CurSR2
                0x0400a980                emi_io_register
                0x0400a984                dvfs_dma_runing_status
 .tcm_rwdata    0x0400a988       0x28 e:/perforce/MTK/MT2625/SDK/Develop/NBIOT_SDK_OCPU/MCU_R05/out/mt2625_evb/nbiot_m2m_demo/obj/bootloader/driver/chip/mt2625/src/hal_flash_mtd_common.o
                0x0400a988                NOR_FLASH_LeaveDPDCmd
                0x0400a98c                NOR_FLASH_FATStartAddr
                0x0400a990                NOR_FLASH_FATStartValue
                0x0400a994                SFI_MAC_CTL_BACKUP
                0x0400a998                SFI_DIRECT_CTL_BACKUP
                0x0400a99c                SFI_MISC_CTL_BACKUP
                0x0400a9a0                SFI_MISC_CTL2_BACKUP
                0x0400a9a4                SFI_DLY_CTL_3_BACKUP
                0x0400a9a8                SFI_CLK_SWITCH_MISC_CTL_BACKUP
                0x0400a9ac                SFI_CLK_SWITCH_DLY_CTL_3_BACKUP
 .tcm_rwdata    0x0400a9b0       0x18 e:/perforce/MTK/MT2625/SDK/Develop/NBIOT_SDK_OCPU/MCU_R05/out/mt2625_evb/nbiot_m2m_demo/obj/bootloader/driver/chip/mt2625/src/hal_gpt_internal.o
                0x0400a9b0                gp_gpt
 .tcm_rwdata    0x0400a9c8        0x1 e:/perforce/MTK/MT2625/SDK/Develop/NBIOT_SDK_OCPU/MCU_R05/out/mt2625_evb/nbiot_m2m_demo/obj/bootloader/driver/chip/mt2625/src/hal_clock.o
                0x0400a9c8                vcore_voltage
 *(.*ram_rwdata)
                0x0400a9cc                . = ALIGN (0x4)
 *fill*         0x0400a9c9        0x3 
                0x0400a9cc                _edata = .

.igot.plt       0x0400a9cc        0x0 load address 0x0800c9cc
 .igot.plt      0x00000000        0x0 e:/perforce/MTK/MT2625/SDK/Develop/NBIOT_SDK_OCPU/MCU_R05/out/mt2625_evb/nbiot_m2m_demo/obj/bootloader/driver/chip/mt2625/src/hal_adc.o
                0x0400a9cc                . = ALIGN (0x4)

.tcm_bss        0x0400a9cc      0x1b4 load address 0x0800c9cc
                0x0400a9cc                _tcm_zi_start = .
 *(.tcm_zidata)
 .tcm_zidata    0x0400a9cc       0x74 e:/perforce/MTK/MT2625/SDK/Develop/NBIOT_SDK_OCPU/MCU_R05/out/mt2625_evb/nbiot_m2m_demo/obj/bootloader/driver/chip/mt2625/src/hal_emi.o
                0x0400a9cc                EMI_GENA_VAL
                0x0400a9d0                EMI_RDCT_VAL
                0x0400a9d4                EMI_DSRAM_VAL
                0x0400a9d8                EMI_MSRAM0_VAL
                0x0400a9dc                EMI_MSRAM1_VAL
                0x0400a9e0                EMI_IDL_C_VAL
                0x0400a9e4                EMI_IDL_D_VAL
                0x0400a9e8                EMI_IDL_E_VAL
                0x0400a9ec                EMI_ODL_C_VAL
                0x0400a9f0                EMI_ODL_D_VAL
                0x0400a9f4                EMI_ODL_E_VAL
                0x0400a9f8                EMI_ODL_F_VAL
                0x0400a9fc                EMI_IO_A_VAL
                0x0400aa00                EMI_IO_B_VAL
                0x0400aa04                EMI_CONM_VAL_backup
                0x0400aa08                emi_register_backup
 .tcm_zidata    0x0400aa40       0x64 e:/perforce/MTK/MT2625/SDK/Develop/NBIOT_SDK_OCPU/MCU_R05/out/mt2625_evb/nbiot_m2m_demo/obj/bootloader/driver/chip/mt2625/src/hal_gpt_internal.o
                0x0400aa40                g_gpt_context
                0x0400aaa0                gpt_clock_source
 .tcm_zidata    0x0400aaa4       0xdc e:/perforce/MTK/MT2625/SDK/Develop/NBIOT_SDK_OCPU/MCU_R05/out/mt2625_evb/nbiot_m2m_demo/obj/bootloader/driver/chip/mt2625/src/hal_clock.o
                0x0400ab80                . = ALIGN (0x4)
                0x0400ab80                _tcm_zi_end = .
                0x0400ab80                . = ALIGN (0x4)

.bss            0x00000000      0x704 load address 0x0800c9cc
                0x00000000                _sbss = .
                0x00000000                __bss_start__ = _sbss
 *(.bss)
 *(.bss*)
 .bss.nvic_function_table
                0x00000000      0x134 e:/perforce/MTK/MT2625/SDK/Develop/NBIOT_SDK_OCPU/MCU_R05/out/mt2625_evb/nbiot_m2m_demo/obj/bootloader/driver/chip/mt2625/src/hal_nvic.o
                0x00000000                nvic_function_table
 .bss.tmp_data_buffer
                0x00000134       0x80 e:/perforce/MTK/MT2625/SDK/Develop/NBIOT_SDK_OCPU/MCU_R05/out/mt2625_evb/nbiot_m2m_demo/obj/bootloader/driver/chip/mt2625/src/hal_flash_mtd_dal.o
 .bss.sfi_index
                0x000001b4        0x4 e:/perforce/MTK/MT2625/SDK/Develop/NBIOT_SDK_OCPU/MCU_R05/out/mt2625_evb/nbiot_m2m_demo/obj/bootloader/driver/chip/mt2625/src/hal_flash_custom_sfi.o
                0x000001b4                sfi_index
 .bss.PAGE_BUFFER_SIZE
                0x000001b8        0x4 e:/perforce/MTK/MT2625/SDK/Develop/NBIOT_SDK_OCPU/MCU_R05/out/mt2625_evb/nbiot_m2m_demo/obj/bootloader/driver/chip/mt2625/src/hal_flash_combo_nor.o
                0x000001b8                PAGE_BUFFER_SIZE
 .bss.EntireDiskDriveData
                0x000001bc       0x84 e:/perforce/MTK/MT2625/SDK/Develop/NBIOT_SDK_OCPU/MCU_R05/out/mt2625_evb/nbiot_m2m_demo/obj/bootloader/driver/chip/mt2625/src/hal_flash_combo_nor.o
                0x000001bc                EntireDiskDriveData
 .bss.cmem_id   0x00000240        0x4 e:/perforce/MTK/MT2625/SDK/Develop/NBIOT_SDK_OCPU/MCU_R05/out/mt2625_evb/nbiot_m2m_demo/obj/bootloader/driver/chip/mt2625/src/hal_flash_combo_nor.o
                0x00000240                cmem_id
 .bss.cmem_nor_index
                0x00000244        0x4 e:/perforce/MTK/MT2625/SDK/Develop/NBIOT_SDK_OCPU/MCU_R05/out/mt2625_evb/nbiot_m2m_demo/obj/bootloader/driver/chip/mt2625/src/hal_flash_combo_nor.o
 .bss.NORFlashMtd
                0x00000248       0x3c e:/perforce/MTK/MT2625/SDK/Develop/NBIOT_SDK_OCPU/MCU_R05/out/mt2625_evb/nbiot_m2m_demo/obj/bootloader/driver/chip/mt2625/src/hal_flash_combo_nor.o
                0x00000248                NORFlashMtd
 .bss.nor_list  0x00000284        0x4 e:/perforce/MTK/MT2625/SDK/Develop/NBIOT_SDK_OCPU/MCU_R05/out/mt2625_evb/nbiot_m2m_demo/obj/bootloader/driver/chip/mt2625/src/hal_flash_combo_nor.o
 .bss.sf_dal_data_cmd
                0x00000288       0x19 e:/perforce/MTK/MT2625/SDK/Develop/NBIOT_SDK_OCPU/MCU_R05/out/mt2625_evb/nbiot_m2m_demo/obj/bootloader/driver/chip/mt2625/src/hal_flash_combo_nor.o
                0x00000288                sf_dal_data_cmd
 *fill*         0x000002a1        0x3 
 .bss.EntireDiskRegionInfo
                0x000002a4       0x40 e:/perforce/MTK/MT2625/SDK/Develop/NBIOT_SDK_OCPU/MCU_R05/out/mt2625_evb/nbiot_m2m_demo/obj/bootloader/driver/chip/mt2625/src/hal_flash_combo_nor.o
 .bss.BlockLayout
                0x000002e4        0x4 e:/perforce/MTK/MT2625/SDK/Develop/NBIOT_SDK_OCPU/MCU_R05/out/mt2625_evb/nbiot_m2m_demo/obj/bootloader/driver/chip/mt2625/src/hal_flash_combo_nor.o
 .bss.BankInfo  0x000002e8       0x40 e:/perforce/MTK/MT2625/SDK/Develop/NBIOT_SDK_OCPU/MCU_R05/out/mt2625_evb/nbiot_m2m_demo/obj/bootloader/driver/chip/mt2625/src/hal_flash_combo_nor.o
 .bss.EntireDiskMtdData
                0x00000328       0xe4 e:/perforce/MTK/MT2625/SDK/Develop/NBIOT_SDK_OCPU/MCU_R05/out/mt2625_evb/nbiot_m2m_demo/obj/bootloader/driver/chip/mt2625/src/hal_flash_combo_nor.o
                0x00000328                EntireDiskMtdData
 .bss.StatusMap
                0x0000040c        0x8 e:/perforce/MTK/MT2625/SDK/Develop/NBIOT_SDK_OCPU/MCU_R05/out/mt2625_evb/nbiot_m2m_demo/obj/bootloader/driver/chip/mt2625/src/hal_flash_combo_nor.o
                0x0000040c                StatusMap
 .bss.NOR_FLASH_BUSY
                0x00000414        0x1 e:/perforce/MTK/MT2625/SDK/Develop/NBIOT_SDK_OCPU/MCU_R05/out/mt2625_evb/nbiot_m2m_demo/obj/bootloader/driver/chip/mt2625/src/hal_flash_mtd.o
                0x00000414                NOR_FLASH_BUSY
 .bss.NOR_FLASH_SUSPENDED
                0x00000415        0x1 e:/perforce/MTK/MT2625/SDK/Develop/NBIOT_SDK_OCPU/MCU_R05/out/mt2625_evb/nbiot_m2m_demo/obj/bootloader/driver/chip/mt2625/src/hal_flash_mtd.o
                0x00000415                NOR_FLASH_SUSPENDED
 *fill*         0x00000416        0x2 
 .bss.replaced.7295
                0x00000418        0x4 e:/perforce/MTK/MT2625/SDK/Develop/NBIOT_SDK_OCPU/MCU_R05/out/mt2625_evb/nbiot_m2m_demo/obj/bootloader/driver/chip/mt2625/src/hal_flash_mtd.o
 .bss.look_up_miss.7297
                0x0000041c        0x4 e:/perforce/MTK/MT2625/SDK/Develop/NBIOT_SDK_OCPU/MCU_R05/out/mt2625_evb/nbiot_m2m_demo/obj/bootloader/driver/chip/mt2625/src/hal_flash_mtd.o
 .bss.look_up_hit.7296
                0x00000420        0x4 e:/perforce/MTK/MT2625/SDK/Develop/NBIOT_SDK_OCPU/MCU_R05/out/mt2625_evb/nbiot_m2m_demo/obj/bootloader/driver/chip/mt2625/src/hal_flash_mtd.o
 .bss.g_uart_callback
                0x00000424       0x20 e:/perforce/MTK/MT2625/SDK/Develop/NBIOT_SDK_OCPU/MCU_R05/out/mt2625_evb/nbiot_m2m_demo/obj/bootloader/driver/chip/mt2625/src/hal_uart.o
 .bss.g_uart_recover_auto_baud
                0x00000444        0x4 e:/perforce/MTK/MT2625/SDK/Develop/NBIOT_SDK_OCPU/MCU_R05/out/mt2625_evb/nbiot_m2m_demo/obj/bootloader/driver/chip/mt2625/src/hal_uart.o
 .bss.g_baudrate
                0x00000448        0x4 e:/perforce/MTK/MT2625/SDK/Develop/NBIOT_SDK_OCPU/MCU_R05/out/mt2625_evb/nbiot_m2m_demo/obj/bootloader/driver/chip/mt2625/src/hal_uart.o
 .bss.g_uart_is_auto_baud
                0x0000044c        0x4 e:/perforce/MTK/MT2625/SDK/Develop/NBIOT_SDK_OCPU/MCU_R05/out/mt2625_evb/nbiot_m2m_demo/obj/bootloader/driver/chip/mt2625/src/hal_uart.o
 .bss.g_uart_hwstatus
                0x00000450        0x4 e:/perforce/MTK/MT2625/SDK/Develop/NBIOT_SDK_OCPU/MCU_R05/out/mt2625_evb/nbiot_m2m_demo/obj/bootloader/driver/chip/mt2625/src/hal_uart.o
 .bss.g_uart_global_data_initialized
                0x00000454        0x1 e:/perforce/MTK/MT2625/SDK/Develop/NBIOT_SDK_OCPU/MCU_R05/out/mt2625_evb/nbiot_m2m_demo/obj/bootloader/driver/chip/mt2625/src/hal_uart.o
 .bss.rtc_mode_flag
                0x00000455        0x1 e:/perforce/MTK/MT2625/SDK/Develop/NBIOT_SDK_OCPU/MCU_R05/out/mt2625_evb/nbiot_m2m_demo/obj/bootloader/driver/chip/mt2625/src/hal_rtc.o
                0x00000455                rtc_mode_flag
 .bss.rtc_spare_register_backup
                0x00000456        0x4 e:/perforce/MTK/MT2625/SDK/Develop/NBIOT_SDK_OCPU/MCU_R05/out/mt2625_evb/nbiot_m2m_demo/obj/bootloader/driver/chip/mt2625/src/hal_rtc.o
 .bss.retention_flag
                0x0000045a        0x1 e:/perforce/MTK/MT2625/SDK/Develop/NBIOT_SDK_OCPU/MCU_R05/out/mt2625_evb/nbiot_m2m_demo/obj/bootloader/driver/chip/mt2625/src/hal_rtc.o
                0x0000045a                retention_flag
 .bss.rtc_in_test
                0x0000045b        0x1 e:/perforce/MTK/MT2625/SDK/Develop/NBIOT_SDK_OCPU/MCU_R05/out/mt2625_evb/nbiot_m2m_demo/obj/bootloader/driver/chip/mt2625/src/hal_rtc.o
 .bss.rtc_cali_ctr
                0x0000045c        0x1 e:/perforce/MTK/MT2625/SDK/Develop/NBIOT_SDK_OCPU/MCU_R05/out/mt2625_evb/nbiot_m2m_demo/obj/bootloader/driver/chip/mt2625/src/hal_rtc.o
 *fill*         0x0000045d        0x3 
 .bss.wdt_feed_time_1M
                0x00000460        0x4 e:/perforce/MTK/MT2625/SDK/Develop/NBIOT_SDK_OCPU/MCU_R05/out/mt2625_evb/nbiot_m2m_demo/obj/bootloader/driver/chip/mt2625/src/hal_wdt.o
 .bss.s_hal_wdt_callback
                0x00000464        0x4 e:/perforce/MTK/MT2625/SDK/Develop/NBIOT_SDK_OCPU/MCU_R05/out/mt2625_evb/nbiot_m2m_demo/obj/bootloader/driver/chip/mt2625/src/hal_wdt.o
 .bss.fota_info
                0x00000468       0x3c e:/perforce/MTK/MT2625/SDK/Develop/NBIOT_SDK_OCPU/MCU_R05/out/mt2625_evb/nbiot_m2m_demo/obj/bootloader/middleware/third_party/rock_fota/src/rock_ua.o
 .bss.last_status.6986
                0x000004a4        0x1 e:/perforce/MTK/MT2625/SDK/Develop/NBIOT_SDK_OCPU/MCU_R05/out/mt2625_evb/nbiot_m2m_demo/obj/bootloader/middleware/third_party/rock_fota/src/rock_ua.o
 .bss.current_bin
                0x000004a5        0x1 e:/perforce/MTK/MT2625/SDK/Develop/NBIOT_SDK_OCPU/MCU_R05/out/mt2625_evb/nbiot_m2m_demo/obj/bootloader/middleware/third_party/rock_fota/src/rock_ua.o
 *fill*         0x000004a6        0x2 
 .bss.last_progress.6985
                0x000004a8        0x4 e:/perforce/MTK/MT2625/SDK/Develop/NBIOT_SDK_OCPU/MCU_R05/out/mt2625_evb/nbiot_m2m_demo/obj/bootloader/middleware/third_party/rock_fota/src/rock_ua.o
 .bss.fota_status
                0x000004ac        0x1 e:/perforce/MTK/MT2625/SDK/Develop/NBIOT_SDK_OCPU/MCU_R05/out/mt2625_evb/nbiot_m2m_demo/obj/bootloader/middleware/third_party/rock_fota/src/rock_ua.o
 .bss.rev.6531  0x000004ad       0x15 e:/perforce/MTK/MT2625/SDK/Develop/NBIOT_SDK_OCPU/MCU_R05/out/mt2625_evb/nbiot_m2m_demo/obj/bootloader/project/mt2625_evb/apps/bootloader/src/bl_dbgprint.o
 .bss.rev.6545  0x000004c2       0x15 e:/perforce/MTK/MT2625/SDK/Develop/NBIOT_SDK_OCPU/MCU_R05/out/mt2625_evb/nbiot_m2m_demo/obj/bootloader/project/mt2625_evb/apps/bootloader/src/bl_dbgprint.o
 .bss.buf       0x000004d7      0x200 e:/perforce/MTK/MT2625/SDK/Develop/NBIOT_SDK_OCPU/MCU_R05/out/mt2625_evb/nbiot_m2m_demo/obj/bootloader/project/mt2625_evb/apps/bootloader/src/bl_dbgprint.o
 *fill*         0x000006d7        0x1 
 .bss.g_debug_trace_hash
                0x000006d8        0x4 ../../../../../middleware/third_party/rock_fota/lib/libiotpatch_gmobi_316_armgcc484.a(iot_main.o)
 .bss.g_hash_cache_array_len
                0x000006dc        0x4 ../../../../../middleware/third_party/rock_fota/lib/libiotpatch_gmobi_316_armgcc484.a(iot_main.o)
 .bss.g_iot_update_ctx
                0x000006e0        0x4 ../../../../../middleware/third_party/rock_fota/lib/libiotpatch_gmobi_316_armgcc484.a(iot_main.o)
 .bss.g_hash_cache_array
                0x000006e4        0x4 ../../../../../middleware/third_party/rock_fota/lib/libiotpatch_gmobi_316_armgcc484.a(iot_main.o)
 .bss.g_vmm     0x000006e8       0x18 ../../../../../middleware/third_party/rock_fota/lib/libiotpatch_gmobi_316_armgcc484.a(mempool.o)
 .bss.md_commit_id_str
                0x00000700        0x1 e:/perforce/MTK/MT2625/SDK/Develop/NBIOT_SDK_OCPU/MCU_R05/out/mt2625_evb/nbiot_m2m_demo/obj/bootloader/middleware/MTK/verno/verno.o
                0x00000700                md_commit_id_str
 *(COMMON)
                0x00000704                . = ALIGN (0x4)
 *fill*         0x00000701        0x3 
                0x00000704                __end__ = .
                0x00000704                _ebss = .
                0x00000704                __bss_end__ = _ebss

._user_heap_stack
                0x0400ab80      0x400 load address 0x0800c9cc
                0x0400ab80                . = ALIGN (0x4)
                0x0400ab80                PROVIDE (end, .)
                0x0400ab80                PROVIDE (_end, .)
                0x0400ab80                __HeapBase = .
                0x0400ab80                . = (. + _Min_Heap_Size)
                0x0400ab80                __HeapLimit = .
                0x0400ab80                __StackLimit = .
                0x0400af80                . = (. + _Min_Stack_Size)
 *fill*         0x0400ab80      0x400 
                0x0400af80                . = ALIGN (0x4)

.bl_rom_region  0x0800c9cc        0x0
                0x0800c9cc                . = ALIGN (0x4)
 *(.rom_data)
 *(.rom_data*)
                0x0800c9cc                . = ALIGN (0x4)
START GROUP
LOAD e:/perforce/MTK/MT2625/SDK/Develop/NBIOT_SDK_OCPU/MCU_R05/out/mt2625_evb/nbiot_m2m_demo/obj/bootloader/driver/chip/mt2625/src/hal_adc.o
LOAD e:/perforce/MTK/MT2625/SDK/Develop/NBIOT_SDK_OCPU/MCU_R05/out/mt2625_evb/nbiot_m2m_demo/obj/bootloader/driver/chip/mt2625/src/hal_cache.o
LOAD e:/perforce/MTK/MT2625/SDK/Develop/NBIOT_SDK_OCPU/MCU_R05/out/mt2625_evb/nbiot_m2m_demo/obj/bootloader/driver/chip/mt2625/src/hal_cache_internal.o
LOAD e:/perforce/MTK/MT2625/SDK/Develop/NBIOT_SDK_OCPU/MCU_R05/out/mt2625_evb/nbiot_m2m_demo/obj/bootloader/driver/chip/mt2625/src/hal_mpu.o
LOAD e:/perforce/MTK/MT2625/SDK/Develop/NBIOT_SDK_OCPU/MCU_R05/out/mt2625_evb/nbiot_m2m_demo/obj/bootloader/driver/chip/mt2625/src/hal_mpu_internal.o
LOAD e:/perforce/MTK/MT2625/SDK/Develop/NBIOT_SDK_OCPU/MCU_R05/out/mt2625_evb/nbiot_m2m_demo/obj/bootloader/driver/chip/mt2625/src/hal_emi.o
LOAD e:/perforce/MTK/MT2625/SDK/Develop/NBIOT_SDK_OCPU/MCU_R05/out/mt2625_evb/nbiot_m2m_demo/obj/bootloader/driver/chip/mt2625/src/hal_nvic.o
LOAD e:/perforce/MTK/MT2625/SDK/Develop/NBIOT_SDK_OCPU/MCU_R05/out/mt2625_evb/nbiot_m2m_demo/obj/bootloader/driver/chip/mt2625/src/hal_nvic_internal.o
LOAD e:/perforce/MTK/MT2625/SDK/Develop/NBIOT_SDK_OCPU/MCU_R05/out/mt2625_evb/nbiot_m2m_demo/obj/bootloader/driver/chip/mt2625/src/hal_flash_mtd_common.o
LOAD e:/perforce/MTK/MT2625/SDK/Develop/NBIOT_SDK_OCPU/MCU_R05/out/mt2625_evb/nbiot_m2m_demo/obj/bootloader/driver/chip/mt2625/src/hal_flash_mtd_dal.o
LOAD e:/perforce/MTK/MT2625/SDK/Develop/NBIOT_SDK_OCPU/MCU_R05/out/mt2625_evb/nbiot_m2m_demo/obj/bootloader/driver/chip/mt2625/src/hal_flash_custom_sfi.o
LOAD e:/perforce/MTK/MT2625/SDK/Develop/NBIOT_SDK_OCPU/MCU_R05/out/mt2625_evb/nbiot_m2m_demo/obj/bootloader/driver/chip/mt2625/src/hal_flash_combo_init.o
LOAD e:/perforce/MTK/MT2625/SDK/Develop/NBIOT_SDK_OCPU/MCU_R05/out/mt2625_evb/nbiot_m2m_demo/obj/bootloader/driver/chip/mt2625/src/hal_flash_cfi.o
LOAD e:/perforce/MTK/MT2625/SDK/Develop/NBIOT_SDK_OCPU/MCU_R05/out/mt2625_evb/nbiot_m2m_demo/obj/bootloader/driver/chip/mt2625/src/hal_flash_custom.o
LOAD e:/perforce/MTK/MT2625/SDK/Develop/NBIOT_SDK_OCPU/MCU_R05/out/mt2625_evb/nbiot_m2m_demo/obj/bootloader/driver/chip/mt2625/src/hal_flash_combo_nor.o
LOAD e:/perforce/MTK/MT2625/SDK/Develop/NBIOT_SDK_OCPU/MCU_R05/out/mt2625_evb/nbiot_m2m_demo/obj/bootloader/driver/chip/mt2625/src/hal_flash_disk.o
LOAD e:/perforce/MTK/MT2625/SDK/Develop/NBIOT_SDK_OCPU/MCU_R05/out/mt2625_evb/nbiot_m2m_demo/obj/bootloader/driver/chip/mt2625/src/hal_flash_mtd.o
LOAD e:/perforce/MTK/MT2625/SDK/Develop/NBIOT_SDK_OCPU/MCU_R05/out/mt2625_evb/nbiot_m2m_demo/obj/bootloader/driver/chip/mt2625/src/hal_gdma.o
LOAD e:/perforce/MTK/MT2625/SDK/Develop/NBIOT_SDK_OCPU/MCU_R05/out/mt2625_evb/nbiot_m2m_demo/obj/bootloader/driver/chip/mt2625/src/hal_gdma_internal.o
LOAD e:/perforce/MTK/MT2625/SDK/Develop/NBIOT_SDK_OCPU/MCU_R05/out/mt2625_evb/nbiot_m2m_demo/obj/bootloader/driver/chip/mt2625/src/hal_pdma_internal.o
LOAD e:/perforce/MTK/MT2625/SDK/Develop/NBIOT_SDK_OCPU/MCU_R05/out/mt2625_evb/nbiot_m2m_demo/obj/bootloader/driver/chip/mt2625/src/hal_gpt.o
LOAD e:/perforce/MTK/MT2625/SDK/Develop/NBIOT_SDK_OCPU/MCU_R05/out/mt2625_evb/nbiot_m2m_demo/obj/bootloader/driver/chip/mt2625/src/hal_gpt_internal.o
LOAD e:/perforce/MTK/MT2625/SDK/Develop/NBIOT_SDK_OCPU/MCU_R05/out/mt2625_evb/nbiot_m2m_demo/obj/bootloader/driver/chip/mt2625/src/hal_keypad.o
LOAD e:/perforce/MTK/MT2625/SDK/Develop/NBIOT_SDK_OCPU/MCU_R05/out/mt2625_evb/nbiot_m2m_demo/obj/bootloader/driver/chip/mt2625/src/hal_keypad_internal.o
LOAD e:/perforce/MTK/MT2625/SDK/Develop/NBIOT_SDK_OCPU/MCU_R05/out/mt2625_evb/nbiot_m2m_demo/obj/bootloader/driver/chip/mt2625/src/hal_keypad_powerkey_internal.o
LOAD e:/perforce/MTK/MT2625/SDK/Develop/NBIOT_SDK_OCPU/MCU_R05/out/mt2625_evb/nbiot_m2m_demo/obj/bootloader/driver/chip/mt2625/src/hal_log.o
LOAD e:/perforce/MTK/MT2625/SDK/Develop/NBIOT_SDK_OCPU/MCU_R05/out/mt2625_evb/nbiot_m2m_demo/obj/bootloader/driver/chip/mt2625/src/hal_uart.o
LOAD e:/perforce/MTK/MT2625/SDK/Develop/NBIOT_SDK_OCPU/MCU_R05/out/mt2625_evb/nbiot_m2m_demo/obj/bootloader/driver/chip/mt2625/src/hal_uart_internal.o
LOAD e:/perforce/MTK/MT2625/SDK/Develop/NBIOT_SDK_OCPU/MCU_R05/out/mt2625_evb/nbiot_m2m_demo/obj/bootloader/driver/chip/mt2625/src/hal_i2c_master.o
LOAD e:/perforce/MTK/MT2625/SDK/Develop/NBIOT_SDK_OCPU/MCU_R05/out/mt2625_evb/nbiot_m2m_demo/obj/bootloader/driver/chip/mt2625/src/hal_i2c_master_internal.o
LOAD e:/perforce/MTK/MT2625/SDK/Develop/NBIOT_SDK_OCPU/MCU_R05/out/mt2625_evb/nbiot_m2m_demo/obj/bootloader/driver/chip/mt2625/src/hal_weak.o
LOAD e:/perforce/MTK/MT2625/SDK/Develop/NBIOT_SDK_OCPU/MCU_R05/out/mt2625_evb/nbiot_m2m_demo/obj/bootloader/driver/chip/mt2625/src/hal_eint.o
LOAD e:/perforce/MTK/MT2625/SDK/Develop/NBIOT_SDK_OCPU/MCU_R05/out/mt2625_evb/nbiot_m2m_demo/obj/bootloader/driver/chip/mt2625/src/hal_eint_internal.o
LOAD e:/perforce/MTK/MT2625/SDK/Develop/NBIOT_SDK_OCPU/MCU_R05/out/mt2625_evb/nbiot_m2m_demo/obj/bootloader/driver/chip/mt2625/src/hal_clock.o
LOAD e:/perforce/MTK/MT2625/SDK/Develop/NBIOT_SDK_OCPU/MCU_R05/out/mt2625_evb/nbiot_m2m_demo/obj/bootloader/driver/chip/mt2625/src/hal_dcxo.o
LOAD e:/perforce/MTK/MT2625/SDK/Develop/NBIOT_SDK_OCPU/MCU_R05/out/mt2625_evb/nbiot_m2m_demo/obj/bootloader/driver/chip/mt2625/src/hal_dvfs.o
LOAD e:/perforce/MTK/MT2625/SDK/Develop/NBIOT_SDK_OCPU/MCU_R05/out/mt2625_evb/nbiot_m2m_demo/obj/bootloader/driver/chip/mt2625/src/hal_dvfs_internal.o
LOAD e:/perforce/MTK/MT2625/SDK/Develop/NBIOT_SDK_OCPU/MCU_R05/out/mt2625_evb/nbiot_m2m_demo/obj/bootloader/driver/chip/mt2625/src/hal_dwt.o
LOAD e:/perforce/MTK/MT2625/SDK/Develop/NBIOT_SDK_OCPU/MCU_R05/out/mt2625_evb/nbiot_m2m_demo/obj/bootloader/driver/chip/mt2625/src/hal_rtc.o
LOAD e:/perforce/MTK/MT2625/SDK/Develop/NBIOT_SDK_OCPU/MCU_R05/out/mt2625_evb/nbiot_m2m_demo/obj/bootloader/driver/chip/mt2625/src/hal_wdt.o
LOAD e:/perforce/MTK/MT2625/SDK/Develop/NBIOT_SDK_OCPU/MCU_R05/out/mt2625_evb/nbiot_m2m_demo/obj/bootloader/driver/chip/mt2625/src/hal_wdt_internal.o
LOAD e:/perforce/MTK/MT2625/SDK/Develop/NBIOT_SDK_OCPU/MCU_R05/out/mt2625_evb/nbiot_m2m_demo/obj/bootloader/driver/chip/mt2625/src/hal_pwm.o
LOAD e:/perforce/MTK/MT2625/SDK/Develop/NBIOT_SDK_OCPU/MCU_R05/out/mt2625_evb/nbiot_m2m_demo/obj/bootloader/driver/chip/mt2625/src/hal_trng_internal.o
LOAD e:/perforce/MTK/MT2625/SDK/Develop/NBIOT_SDK_OCPU/MCU_R05/out/mt2625_evb/nbiot_m2m_demo/obj/bootloader/driver/chip/mt2625/src/hal_trng.o
LOAD e:/perforce/MTK/MT2625/SDK/Develop/NBIOT_SDK_OCPU/MCU_R05/out/mt2625_evb/nbiot_m2m_demo/obj/bootloader/driver/chip/mt2625/src/hal_msdc.o
LOAD e:/perforce/MTK/MT2625/SDK/Develop/NBIOT_SDK_OCPU/MCU_R05/out/mt2625_evb/nbiot_m2m_demo/obj/bootloader/driver/chip/mt2625/src/hal_sd.o
LOAD e:/perforce/MTK/MT2625/SDK/Develop/NBIOT_SDK_OCPU/MCU_R05/out/mt2625_evb/nbiot_m2m_demo/obj/bootloader/driver/chip/mt2625/src/hal_sd_internal.o
LOAD e:/perforce/MTK/MT2625/SDK/Develop/NBIOT_SDK_OCPU/MCU_R05/out/mt2625_evb/nbiot_m2m_demo/obj/bootloader/driver/chip/mt2625/src/hal_sdio.o
LOAD e:/perforce/MTK/MT2625/SDK/Develop/NBIOT_SDK_OCPU/MCU_R05/out/mt2625_evb/nbiot_m2m_demo/obj/bootloader/driver/chip/mt2625/src/hal_sdio_internal.o
LOAD e:/perforce/MTK/MT2625/SDK/Develop/NBIOT_SDK_OCPU/MCU_R05/out/mt2625_evb/nbiot_m2m_demo/obj/bootloader/driver/chip/mt2625/src/hal_sdio_slave.o
LOAD e:/perforce/MTK/MT2625/SDK/Develop/NBIOT_SDK_OCPU/MCU_R05/out/mt2625_evb/nbiot_m2m_demo/obj/bootloader/driver/chip/mt2625/src/hal_sdio_slave_internal.o
LOAD e:/perforce/MTK/MT2625/SDK/Develop/NBIOT_SDK_OCPU/MCU_R05/out/mt2625_evb/nbiot_m2m_demo/obj/bootloader/driver/chip/mt2625/src/hal_sensor_ctrl.o
LOAD e:/perforce/MTK/MT2625/SDK/Develop/NBIOT_SDK_OCPU/MCU_R05/out/mt2625_evb/nbiot_m2m_demo/obj/bootloader/driver/chip/mt2625/src/hal_gpio.o
LOAD e:/perforce/MTK/MT2625/SDK/Develop/NBIOT_SDK_OCPU/MCU_R05/out/mt2625_evb/nbiot_m2m_demo/obj/bootloader/driver/chip/mt2625/src/hal_gpio_internal.o
LOAD e:/perforce/MTK/MT2625/SDK/Develop/NBIOT_SDK_OCPU/MCU_R05/out/mt2625_evb/nbiot_m2m_demo/obj/bootloader/driver/chip/mt2625/src/hal_i2s.o
LOAD e:/perforce/MTK/MT2625/SDK/Develop/NBIOT_SDK_OCPU/MCU_R05/out/mt2625_evb/nbiot_m2m_demo/obj/bootloader/driver/chip/mt2625/src/hal_i2s_internal.o
LOAD e:/perforce/MTK/MT2625/SDK/Develop/NBIOT_SDK_OCPU/MCU_R05/out/mt2625_evb/nbiot_m2m_demo/obj/bootloader/driver/chip/mt2625/src/hal_pmu.o
LOAD e:/perforce/MTK/MT2625/SDK/Develop/NBIOT_SDK_OCPU/MCU_R05/out/mt2625_evb/nbiot_m2m_demo/obj/bootloader/driver/chip/mt2625/src/hal_time_check.o
LOAD e:/perforce/MTK/MT2625/SDK/Develop/NBIOT_SDK_OCPU/MCU_R05/out/mt2625_evb/nbiot_m2m_demo/obj/bootloader/driver/chip/mt2625/src/hal_usb.o
LOAD e:/perforce/MTK/MT2625/SDK/Develop/NBIOT_SDK_OCPU/MCU_R05/out/mt2625_evb/nbiot_m2m_demo/obj/bootloader/driver/chip/mt2625/src/hal_usb_phy.o
LOAD e:/perforce/MTK/MT2625/SDK/Develop/NBIOT_SDK_OCPU/MCU_R05/out/mt2625_evb/nbiot_m2m_demo/obj/bootloader/driver/chip/mt2625/src/hal_aes.o
LOAD e:/perforce/MTK/MT2625/SDK/Develop/NBIOT_SDK_OCPU/MCU_R05/out/mt2625_evb/nbiot_m2m_demo/obj/bootloader/driver/chip/mt2625/src/hal_des.o
LOAD e:/perforce/MTK/MT2625/SDK/Develop/NBIOT_SDK_OCPU/MCU_R05/out/mt2625_evb/nbiot_m2m_demo/obj/bootloader/driver/chip/mt2625/src/hal_md5.o
LOAD e:/perforce/MTK/MT2625/SDK/Develop/NBIOT_SDK_OCPU/MCU_R05/out/mt2625_evb/nbiot_m2m_demo/obj/bootloader/driver/chip/mt2625/src/hal_sha.o
LOAD e:/perforce/MTK/MT2625/SDK/Develop/NBIOT_SDK_OCPU/MCU_R05/out/mt2625_evb/nbiot_m2m_demo/obj/bootloader/driver/chip/mt2625/src/hal_spi_master.o
LOAD e:/perforce/MTK/MT2625/SDK/Develop/NBIOT_SDK_OCPU/MCU_R05/out/mt2625_evb/nbiot_m2m_demo/obj/bootloader/driver/chip/mt2625/src/hal_spi_master_internal.o
LOAD e:/perforce/MTK/MT2625/SDK/Develop/NBIOT_SDK_OCPU/MCU_R05/out/mt2625_evb/nbiot_m2m_demo/obj/bootloader/driver/chip/mt2625/src/hal_spi_slave.o
LOAD e:/perforce/MTK/MT2625/SDK/Develop/NBIOT_SDK_OCPU/MCU_R05/out/mt2625_evb/nbiot_m2m_demo/obj/bootloader/driver/chip/mt2625/src/hal_spi_slave_internal.o
LOAD e:/perforce/MTK/MT2625/SDK/Develop/NBIOT_SDK_OCPU/MCU_R05/out/mt2625_evb/nbiot_m2m_demo/obj/bootloader/driver/chip/mt2625/src/hal_misc.o
LOAD e:/perforce/MTK/MT2625/SDK/Develop/NBIOT_SDK_OCPU/MCU_R05/out/mt2625_evb/nbiot_m2m_demo/obj/bootloader/driver/chip/mt2625/src_core/hal_sleep_manager.o
LOAD e:/perforce/MTK/MT2625/SDK/Develop/NBIOT_SDK_OCPU/MCU_R05/out/mt2625_evb/nbiot_m2m_demo/obj/bootloader/driver/chip/mt2625/src_core/hal_sleep_manager_internal.o
LOAD e:/perforce/MTK/MT2625/SDK/Develop/NBIOT_SDK_OCPU/MCU_R05/out/mt2625_evb/nbiot_m2m_demo/obj/bootloader/middleware/third_party/rock_fota/src/rock_ua.o
LOAD e:/perforce/MTK/MT2625/SDK/Develop/NBIOT_SDK_OCPU/MCU_R05/out/mt2625_evb/nbiot_m2m_demo/obj/bootloader/project/mt2625_evb/apps/bootloader/GCC/syscalls.o
LOAD e:/perforce/MTK/MT2625/SDK/Develop/NBIOT_SDK_OCPU/MCU_R05/out/mt2625_evb/nbiot_m2m_demo/obj/bootloader/project/mt2625_evb/apps/bootloader/src/bl_dbgprint.o
LOAD e:/perforce/MTK/MT2625/SDK/Develop/NBIOT_SDK_OCPU/MCU_R05/out/mt2625_evb/nbiot_m2m_demo/obj/bootloader/project/mt2625_evb/apps/bootloader/src/custom_blconfig.o
LOAD e:/perforce/MTK/MT2625/SDK/Develop/NBIOT_SDK_OCPU/MCU_R05/out/mt2625_evb/nbiot_m2m_demo/obj/bootloader/project/mt2625_evb/apps/bootloader/src/bl_rom_parameter.o
LOAD e:/perforce/MTK/MT2625/SDK/Develop/NBIOT_SDK_OCPU/MCU_R05/out/mt2625_evb/nbiot_m2m_demo/obj/bootloader/project/mt2625_evb/apps/bootloader/src/main.o
LOAD e:/perforce/MTK/MT2625/SDK/Develop/NBIOT_SDK_OCPU/MCU_R05/out/mt2625_evb/nbiot_m2m_demo/obj/bootloader/project/mt2625_evb/apps/bootloader/src/OCPU_WTD.o
LOAD e:/perforce/MTK/MT2625/SDK/Develop/NBIOT_SDK_OCPU/MCU_R05/out/mt2625_evb/nbiot_m2m_demo/obj/bootloader/project/mt2625_evb/apps/bootloader/src/bl_fota.o
LOAD e:/perforce/MTK/MT2625/SDK/Develop/NBIOT_SDK_OCPU/MCU_R05/out/mt2625_evb/nbiot_m2m_demo/obj/bootloader/middleware/third_party/mbedtls/library/sha1.o
LOAD e:/perforce/MTK/MT2625/SDK/Develop/NBIOT_SDK_OCPU/MCU_R05/out/mt2625_evb/nbiot_m2m_demo/obj/bootloader/project/mt2625_evb/apps/bootloader/GCC/startup_bootloader.o
LOAD ../../../../../prebuilt/driver/chip/mt2625/lib/libhal_protected_CM4_GCC.a
LOAD ../../../../../middleware/third_party/rock_fota/lib/libiotpatch_gmobi_316_armgcc484.a
LOAD e:/perforce/MTK/MT2625/SDK/Develop/NBIOT_SDK_OCPU/MCU_R05/out/mt2625_evb/nbiot_m2m_demo/obj/bootloader/middleware/MTK/verno/verno.o
END GROUP
LOAD e:/perforce/mtk/mt2625/sdk/develop/nbiot_sdk_ocpu/mcu_r05/tools/gcc/win/gcc-arm-none-eabi/bin/../lib/gcc/arm-none-eabi/4.8.3/../../../../arm-none-eabi/lib/armv7e-m/fpu\libm.a
START GROUP
LOAD e:/perforce/mtk/mt2625/sdk/develop/nbiot_sdk_ocpu/mcu_r05/tools/gcc/win/gcc-arm-none-eabi/bin/../lib/gcc/arm-none-eabi/4.8.3/armv7e-m/fpu\libgcc.a
LOAD e:/perforce/mtk/mt2625/sdk/develop/nbiot_sdk_ocpu/mcu_r05/tools/gcc/win/gcc-arm-none-eabi/bin/../lib/gcc/arm-none-eabi/4.8.3/../../../../arm-none-eabi/lib/armv7e-m/fpu\libg_s.a
LOAD e:/perforce/mtk/mt2625/sdk/develop/nbiot_sdk_ocpu/mcu_r05/tools/gcc/win/gcc-arm-none-eabi/bin/../lib/gcc/arm-none-eabi/4.8.3/../../../../arm-none-eabi/lib/armv7e-m/fpu\libc_s.a
END GROUP
START GROUP
LOAD e:/perforce/mtk/mt2625/sdk/develop/nbiot_sdk_ocpu/mcu_r05/tools/gcc/win/gcc-arm-none-eabi/bin/../lib/gcc/arm-none-eabi/4.8.3/armv7e-m/fpu\libgcc.a
LOAD e:/perforce/mtk/mt2625/sdk/develop/nbiot_sdk_ocpu/mcu_r05/tools/gcc/win/gcc-arm-none-eabi/bin/../lib/gcc/arm-none-eabi/4.8.3/../../../../arm-none-eabi/lib/armv7e-m/fpu\libc_s.a
END GROUP
OUTPUT(e:/perforce/MTK/MT2625/SDK/Develop/NBIOT_SDK_OCPU/MCU_R05/out/mt2625_evb/nbiot_m2m_demo/BootLoader_BC20NAR01A01_OCPU_BETA0114A.elf elf32-littlearm)

.debug_info     0x00000000    0x2034c
 .debug_info    0x00000000      0xb0d e:/perforce/MTK/MT2625/SDK/Develop/NBIOT_SDK_OCPU/MCU_R05/out/mt2625_evb/nbiot_m2m_demo/obj/bootloader/driver/chip/mt2625/src/hal_cache.o
 .debug_info    0x00000b0d     0x178e e:/perforce/MTK/MT2625/SDK/Develop/NBIOT_SDK_OCPU/MCU_R05/out/mt2625_evb/nbiot_m2m_demo/obj/bootloader/driver/chip/mt2625/src/hal_emi.o
 .debug_info    0x0000229b      0xc37 e:/perforce/MTK/MT2625/SDK/Develop/NBIOT_SDK_OCPU/MCU_R05/out/mt2625_evb/nbiot_m2m_demo/obj/bootloader/driver/chip/mt2625/src/hal_nvic.o
 .debug_info    0x00002ed2      0x7d7 e:/perforce/MTK/MT2625/SDK/Develop/NBIOT_SDK_OCPU/MCU_R05/out/mt2625_evb/nbiot_m2m_demo/obj/bootloader/driver/chip/mt2625/src/hal_nvic_internal.o